Iteration	Posterior	Likelihood	Prior	rate_log_sd	root_freqs[1]	root_freqs[2]	tree_length
0	-6127.092	-6332.055	204.963	1.108722	0.700724	0.299276	3.925553
6	-6107.838	-6311.569	203.7313	1.116718	0.744794	0.255206	4.618697
12	-6130.84	-6334.874	204.0332	1.10571	0.744794	0.255206	4.455233
18	-6131.167	-6334.176	203.0092	0.9193075	0.735065	0.264935	5.131056
24	-6123.367	-6326.161	202.7945	0.9743372	0.790901	0.209099	5.219442
30	-6129.119	-6333.016	203.8971	0.9247963	0.732069	0.267931	4.633367
36	-6131.068	-6334.119	203.0506	1.017999	0.745133	0.254867	5.053408
42	-6123.757	-6327.476	203.7192	1.074044	0.726788	0.273212	4.649436
48	-6125.755	-6329.153	203.3984	0.9990164	0.718836	0.281164	4.87058
54	-6133.191	-6337.326	204.1351	1.043755	0.718836	0.281164	4.432757
60	-6127.769	-6333.84	206.0712	1.279622	0.76549	0.23451	3.180854
66	-6122.503	-6327.755	205.2521	1.254979	0.766235	0.233765	3.674868
72	-6124.669	-6330.76	206.0914	1.254979	0.708814	0.291186	3.183436
78	-6120.62	-6326.634	206.0145	1.244283	0.784895	0.215105	3.235359
84	-6129.104	-6334.283	205.179	1.197685	0.730417	0.269583	3.750213
90	-6132.198	-6337.091	204.8932	1.182711	0.725361	0.274639	3.923163
96	-6129.857	-6334.149	204.2915	1.091377	0.725361	0.274639	4.317591
102	-6134.575	-6338.384	203.809	1.085523	0.741099	0.258901	4.592614
108	-6132.23	-6336.181	203.9513	0.9774749	0.737582	0.262418	4.573436
114	-6129.287	-6333.204	203.9174	1.011357	0.737582	0.262418	4.573436
120	-6146.743	-6350.069	203.326	1.045063	0.762063	0.237937	4.885229
126	-6153.849	-6356.811	202.9619	0.9828136	0.760103	0.239897	5.122088
132	-6142.074	-6345.736	203.6616	0.9765405	0.748124	0.251876	4.736192
138	-6146.661	-6349.64	202.9795	1.083256	0.72189	0.27811	5.056627
144	-6139.602	-6344.441	204.8384	1.130882	0.77092	0.22908	3.984207
150	-6126.32	-6330.655	204.3346	1.057783	0.756277	0.243723	4.312228
156	-6136.306	-6340.331	204.0242	1.078287	0.743727	0.256273	4.475753
162	-6132.087	-6336.355	204.2679	1.076107	0.720245	0.279755	4.339535
168	-6140.111	-6342.86	202.749	1.050576	0.728747	0.271253	5.20247
174	-6130.689	-6332.664	201.9754	0.9187086	0.708634	0.291366	5.700907
180	-6123.434	-6326.629	203.1948	1.004087	0.732708	0.267292	4.981065
186	-6131.934	-6336.429	204.4957	1.123173	0.73175	0.26825	4.183859
192	-6133.787	-6338.645	204.8581	1.094932	0.7115	0.2885	3.993489
198	-6126.546	-6331.034	204.4881	1.053166	0.7115	0.2885	4.227866
204	-6141.363	-6344.527	203.1636	1.01047	0.722039	0.277961	4.994857
210	-6146.076	-6349.932	203.8554	1.050077	0.722039	0.277961	4.586467
216	-6130.652	-6335.304	204.6526	1.127511	0.787093	0.212907	4.092172
222	-6138.942	-6341.917	202.9748	0.9369463	0.788342	0.211658	5.140328
228	-6149.282	-6352.828	203.5464	1.046207	0.765654	0.234346	4.76165
234	-6141.462	-6346.554	205.0913	1.203876	0.752662	0.247338	3.797227
240	-6137.049	-6339.696	202.6472	0.973076	0.740884	0.259116	5.301545
246	-6137.832	-6341.033	203.2005	1.038555	0.770812	0.229188	4.958706
252	-6141.706	-6345.77	204.0637	1.077326	0.759622	0.240378	4.454043
258	-6150.772	-6354.912	204.14	1.22468	0.698761	0.301239	4.327865
264	-6137.007	-6340.721	203.7141	1.166665	0.72309	0.27691	4.600328
270	-6123.323	-6326.915	203.592	1.093823	0.677378	0.322622	4.709531
276	-6128.895	-6332.364	203.4685	1.040142	0.734181	0.265819	4.80856
282	-6136.814	-6340.57	203.7558	1.00954	0.734181	0.265819	4.665019
288	-6144.525	-6348.317	203.7911	0.9742859	0.7203	0.2797	4.665019
294	-6137.457	-6340.963	203.5061	1.083753	0.770376	0.229624	4.763184
300	-6112.27	-6316.178	203.9081	1.043225	0.770376	0.229624	4.560727
306	-6127.556	-6331.305	203.7492	0.9729774	0.770179	0.229821	4.689209
312	-6124.144	-6327.274	203.13	1.070739	0.739029	0.260971	4.980006
318	-6137.341	-6341.693	204.3519	0.9636677	0.765646	0.234354	4.35564
324	-6138.429	-6342.011	203.5821	1.010569	0.822251	0.177749	4.761612
330	-6141.736	-6346.283	204.5469	1.040186	0.697153	0.302847	4.201875
336	-6136.505	-6341.716	205.2112	1.249697	0.727681	0.272319	3.701578
342	-6133.51	-6337.166	203.6562	1.011766	0.777518	0.222482	4.719527
348	-6127.719	-6330.827	203.1076	0.9649736	0.741801	0.258199	5.051219
354	-6134.166	-6337.978	203.8111	0.9649736	0.741801	0.258199	4.659031
360	-6118.009	-6321.15	203.1408	1.075653	0.688558	0.311442	4.971289
366	-6125.123	-6329.893	204.7706	1.106745	0.772778	0.227222	4.036735
372	-6140.687	-6345.187	204.4998	1.02348	0.671265	0.328735	4.238103
378	-6133.647	-6337.876	204.2286	1.12903	0.717976	0.282024	4.331822
384	-6141.265	-6346.346	205.0812	1.079748	0.735147	0.264853	3.874376
390	-6133.058	-6337.738	204.6798	1.10509	0.776991	0.223009	4.089397
396	-6129.992	-6334.242	204.2505	0.9968166	0.716561	0.283439	4.394151
402	-6125.763	-6329.535	203.772	0.9848512	0.716561	0.283439	4.669772
408	-6124.439	-6328.188	203.7489	1.00805	0.755045	0.244955	4.669772
414	-6145.744	-6348.918	203.1738	1.071813	0.755045	0.244955	4.955052
420	-6128.291	-6331.666	203.3751	0.9882513	0.765256	0.234744	4.889535
426	-6145.049	-6349.893	204.8438	1.099024	0.765256	0.234744	3.999307
432	-6136.074	-6341.276	205.2017	1.061087	0.807297	0.192703	3.815836
438	-6126.746	-6331.552	204.8052	1.075479	0.75004	0.24996	4.034799
444	-6128.001	-6332.86	204.8594	1.10513	0.729428	0.270572	3.9869
450	-6133.059	-6336.876	203.8162	1.041455	0.732254	0.267746	4.613321
456	-6127.235	-6331.458	204.2226	1.117307	0.732254	0.267746	4.341883
462	-6129.563	-6334.546	204.9832	1.098886	0.765246	0.234754	3.919644
468	-6125.679	-6327.915	202.2359	1.009415	0.7436	0.2564	5.508138
474	-6126.197	-6331.037	204.8392	1.180428	0.77303	0.22697	3.955406
480	-6126.911	-6331.863	204.9514	1.123282	0.77303	0.22697	3.923842
486	-6127.24	-6332.362	205.1224	1.153915	0.756969	0.243031	3.808071
492	-6125.762	-6330.054	204.2922	1.140686	0.782806	0.217194	4.289263
498	-6141.735	-6346.083	204.3484	1.084539	0.689111	0.310889	4.289263
504	-6128.415	-6333.051	204.636	1.118827	0.760195	0.239805	4.106517
510	-6126.779	-6331.102	204.3235	1.098178	0.726568	0.273432	4.29562
516	-6131.897	-6335.893	203.9969	1.113728	0.697473	0.302527	4.471202
522	-6117.326	-6321.894	204.5681	1.114994	0.720109	0.279891	4.147368
528	-6120.588	-6324.252	203.6638	1.062896	0.717439	0.282561	4.686667
534	-6116.462	-6320.389	203.9276	1.081598	0.723799	0.276201	4.528252
540	-6117.342	-6322.396	205.0539	1.078323	0.764301	0.235699	3.890861
546	-6111.86	-6316.62	204.7596	1.086979	0.753103	0.246897	4.054282
552	-6127.784	-6332.935	205.151	1.124437	0.744985	0.255015	3.808576
558	-6130.31	-6335.982	205.6721	1.212209	0.789271	0.210729	3.45547
564	-6122.695	-6328.346	205.6509	1.233404	0.739383	0.260617	3.45547
570	-6123.495	-6329.052	205.5571	1.279387	0.739383	0.260617	3.483455
576	-6120.812	-6326.497	205.6848	1.252557	0.739383	0.260617	3.424479
582	-6137.277	-6342.322	205.0453	1.217115	0.801016	0.198984	3.816044
588	-6131.863	-6337.5	205.6373	1.165757	0.801016	0.198984	3.502921
594	-6116.678	-6321.831	205.1521	1.171508	0.801016	0.198984	3.780819
600	-6124.85	-6329.75	204.9003	1.052178	0.73323	0.26677	3.993811
606	-6127.172	-6332.755	205.5831	1.193454	0.742281	0.257719	3.518379
612	-6136.475	-6340.785	204.3098	1.070707	0.717568	0.282432	4.318912
618	-6119.207	-6323.105	203.8985	1.037212	0.718974	0.281026	4.56952
624	-6129.959	-6333.619	203.6598	1.043522	0.718974	0.281026	4.699788
630	-6143.961	-6349.612	205.6509	1.236639	0.756506	0.243494	3.453586
636	-6131.499	-6335.81	204.3109	1.154378	0.772547	0.227453	4.270968
642	-6129.129	-6332.203	203.0739	0.9764636	0.732096	0.267904	5.063501
648	-6130.827	-6333.908	203.0814	0.9690164	0.732247	0.267753	5.063501
654	-6118.598	-6324.491	205.8923	1.295439	0.773821	0.226179	3.277289
660	-6136.228	-6340.507	204.2785	1.136029	0.717708	0.282292	4.299646
666	-6136.879	-6342.859	205.9796	1.270955	0.717342	0.282658	3.240186
672	-6132.607	-6338.319	205.7117	1.230165	0.807926	0.192074	3.421802
678	-6130.741	-6335.813	205.072	1.060691	0.807926	0.192074	3.890611
684	-6123.983	-6328.931	204.9485	1.060691	0.75001	0.24999	3.961348
690	-6132.097	-6336.07	203.9733	1.065672	0.763481	0.236519	4.511508
696	-6121.293	-6325.672	204.3785	1.102431	0.762632	0.237368	4.262057
702	-6128.736	-6332.829	204.093	1.042791	0.760543	0.239457	4.457033
708	-6138.453	-6342.739	204.2862	1.002285	0.826865	0.173135	4.370883
714	-6138.99	-6344.001	205.0119	1.147077	0.797322	0.202678	3.875523
720	-6135.593	-6340.37	204.7766	1.147077	0.797322	0.202678	4.010283
726	-6138.232	-6343.362	205.1303	1.089779	0.688591	0.311409	3.84039
732	-6136.018	-6341.299	205.2809	1.113572	0.780435	0.219565	3.739986
738	-6141.926	-6347.563	205.637	1.247651	0.73795	0.26205	3.455314
744	-6138.913	-6342.326	203.4131	1.020846	0.681629	0.318371	4.850227
750	-6138.094	-6343.916	205.8215	1.133268	0.729589	0.270411	3.414292
756	-6128.207	-6333.014	204.8069	1.188845	0.693618	0.306382	3.969036
762	-6146.42	-6348.924	202.5035	1.02682	0.745066	0.254934	5.351184
768	-6138.28	-6342.167	203.8875	1.035142	0.762589	0.237411	4.576845
774	-6121.777	-6326.272	204.4947	1.071044	0.710465	0.289535	4.214023
780	-6123.482	-6328.004	204.5218	1.126594	0.710465	0.289535	4.167051
786	-6136.725	-6341.741	205.0157	1.182827	0.745025	0.254975	3.852807
792	-6134.456	-6338.366	203.91	1.135702	0.727853	0.272147	4.507731
798	-6134.221	-6339.505	205.2836	1.106998	0.727853	0.272147	3.742201
804	-6122.218	-6325.251	203.0328	0.893127	0.723324	0.276676	5.132527
810	-6129.994	-6332.307	202.3124	0.9383457	0.773143	0.226857	5.505118
816	-6119.757	-6323.465	203.7071	1.008047	0.71203	0.28797	4.69316
822	-6123.322	-6326.915	203.5935	1.04053	0.765395	0.234605	4.738509
828	-6135.61	-6339.825	204.2143	1.037927	0.776977	0.223023	4.391369
834	-6136.236	-6339.925	203.6889	1.094854	0.72421	0.27579	4.654737
840	-6126.491	-6330.683	204.1922	1.079309	0.712389	0.287611	4.380512
846	-6120.838	-6325.559	204.7205	1.098693	0.80836	0.19164	4.069861
852	-6111.42	-6316.64	205.2196	1.205418	0.808425	0.191575	3.722354
858	-6114.982	-6319.81	204.8281	1.11406	0.80505	0.19495	3.999705
864	-6117.238	-6321.813	204.5753	1.14674	0.76282	0.23718	4.125187
870	-6118.054	-6322.891	204.8367	1.142207	0.758441	0.241559	3.978681
876	-6131.277	-6335.452	204.1755	1.036439	0.811616	0.188384	4.414106
882	-6130.706	-6334.914	204.2075	0.9945153	0.740189	0.259811	4.419681
888	-6128.137	-6331.609	203.4715	1.065618	0.671235	0.328765	4.792662
894	-6124.959	-6329.086	204.1269	1.134182	0.821545	0.178455	4.386383
900	-6137.518	-6342.41	204.8919	1.281803	0.733648	0.266352	3.867074
906	-6137.197	-6342.649	205.4518	1.296168	0.712353	0.287647	3.535024
912	-6129.226	-6334.742	205.5161	1.231864	0.712353	0.287647	3.535024
918	-6130.881	-6335.079	204.1979	1.057233	0.712353	0.287647	4.389729
924	-6135.633	-6339.918	204.2848	1.074385	0.718185	0.281815	4.330955
930	-6134.765	-6338.887	204.122	1.088745	0.734615	0.265385	4.414785
936	-6129.679	-6334.318	204.6393	1.050017	0.75155	0.24845	4.143794
942	-6135.432	-6340	204.568	1.121356	0.724295	0.275705	4.143794
948	-6135.48	-6340.208	204.7274	1.103684	0.718132	0.281868	4.063084
954	-6146.432	-6350.972	204.54	1.152485	0.705548	0.294452	4.142041
960	-6132.597	-6336.967	204.3703	1.090518	0.756286	0.243714	4.273492
966	-6134.865	-6338.105	203.2399	1.030784	0.687237	0.312763	4.941132
972	-6121.915	-6325.143	203.2277	1.042958	0.726126	0.273874	4.941132
978	-6132.332	-6336.1	203.7679	1.023431	0.762452	0.237548	4.650502
984	-6134.714	-6339.068	204.3539	1.040313	0.775061	0.224939	4.311183
990	-6129.49	-6335.186	205.6964	1.160186	0.775061	0.224939	3.471677
996	-6144.938	-6349.605	204.6665	1.13681	0.78067	0.21933	4.078903
1002	-6136.45	-6338.886	202.436	0.9454911	0.70167	0.29833	5.433164
1008	-6129.876	-6332.625	202.749	0.9698915	0.765527	0.234473	5.247074
1014	-6132.402	-6333.954	201.5516	1.003335	0.775152	0.224848	5.886554
1020	-6132.086	-6334.493	202.4073	0.8925324	0.804963	0.195037	5.478143
1026	-6134.558	-6339.515	204.957	1.083586	0.776783	0.223217	3.943379
1032	-6152.232	-6356.708	204.4763	1.11468	0.773797	0.226203	4.199668
1038	-6142.025	-6346.548	204.522	1.201361	0.773797	0.226203	4.124434
1044	-6130.097	-6334.177	204.0807	1.075546	0.719781	0.280219	4.44549
1050	-6128.788	-6332.828	204.0405	1.115714	0.770247	0.229753	4.44549
1056	-6133.255	-6338.495	205.2395	1.131896	0.721857	0.278143	3.753294
1062	-6132.626	-6338.966	206.3392	1.302105	0.721857	0.278143	3.007573
1068	-6142.944	-6349.264	206.3197	1.207744	0.767523	0.232477	3.075724
1074	-6139.602	-6346.296	206.6939	1.246651	0.755867	0.244133	2.827025
1080	-6125.686	-6331.299	205.6126	1.126266	0.679635	0.320365	3.540359
1086	-6121.94	-6326.074	204.1344	1.126266	0.715008	0.284992	4.386615
1092	-6126.503	-6331.23	204.7271	1.075005	0.709956	0.290044	4.079641
1098	-6130.754	-6335.136	204.3825	1.146446	0.727974	0.272026	4.234848
1104	-6129.749	-6333.624	203.875	0.9452535	0.727974	0.272026	4.634262
1110	-6142.603	-6345.889	203.2856	1.043702	0.781812	0.218188	4.908472
1116	-6133.218	-6336.255	203.037	0.9605085	0.730184	0.269816	5.092833
1122	-6138.88	-6342.24	203.3599	0.9172724	0.778985	0.221015	4.937492
1128	-6146.631	-6351.336	204.7051	1.195001	0.84547	0.15453	4.023691
1134	-6133.561	-6336.872	203.311	0.9821018	0.771149	0.228851	4.928638
1140	-6131.715	-6336.295	204.5798	1.159316	0.750339	0.249661	4.115498
1146	-6146.588	-6351.33	204.7416	1.206829	0.780824	0.219176	3.996086
1152	-6127.106	-6331.51	204.4047	1.081218	0.800477	0.199523	4.259282
1158	-6126.833	-6330.905	204.0721	1.101055	0.731735	0.268265	4.435951
1164	-6130.014	-6333.843	203.829	1.099899	0.768191	0.231809	4.573338
1170	-6120.129	-6324.257	204.1279	1.059034	0.715932	0.284068	4.428221
1176	-6118.987	-6322.608	203.6207	1.074373	0.742554	0.257446	4.704353
1182	-6109.343	-6313.533	204.1897	1.119026	0.763092	0.236908	4.359462
1188	-6124.669	-6328.271	203.6022	1.04282	0.783675	0.216325	4.732374
1194	-6128.648	-6332.582	203.9349	1.021218	0.714519	0.285481	4.558041
1200	-6118.761	-6323.549	204.7879	1.087671	0.74981	0.25019	4.037696
1206	-6124.624	-6329.685	205.0617	1.09124	0.760874	0.239126	3.878976
1212	-6133.039	-6337.257	204.2179	1.089676	0.760874	0.239126	4.360154
1218	-6144.097	-6348.209	204.1121	1.146138	0.709816	0.290184	4.388003
1224	-6147.735	-6351.561	203.8263	1.106541	0.786776	0.213224	4.571114
1230	-6147.968	-6352.442	204.4735	1.126033	0.766071	0.233929	4.194843
1236	-6133.543	-6337.054	203.5111	1.03512	0.72829	0.27171	4.787593
1242	-6128.999	-6332.678	203.6796	1.008844	0.750693	0.249307	4.708113
1248	-6128.013	-6331.538	203.525	1.086037	0.788995	0.211005	4.751369
1254	-6127.596	-6331.522	203.9259	0.9676742	0.768714	0.231286	4.593161
1260	-6123.315	-6327.168	203.8528	1.040802	0.770035	0.229965	4.593161
1266	-6116.352	-6320.356	204.0037	1.10274	0.727886	0.272114	4.473515
1272	-6116.076	-6320.622	204.5468	1.066878	0.72089	0.27911	4.186772
1278	-6123.826	-6327.165	203.3383	1.014188	0.746114	0.253886	4.895596
1284	-6124.647	-6328.155	203.5081	1.026495	0.706177	0.293823	4.794072
1290	-6120.437	-6323.818	203.3808	1.009341	0.664056	0.335944	4.874604
1296	-6119.406	-6323.17	203.7631	1.07249	0.721414	0.278586	4.625666
1302	-6118.758	-6322.921	204.163	1.075731	0.721414	0.278586	4.399002
1308	-6126.201	-6329.966	203.7651	1.043937	0.799764	0.200236	4.640574
1314	-6122.549	-6326.532	203.9832	1.084241	0.746339	0.253661	4.495472
1320	-6117.546	-6321.797	204.2502	1.184508	0.760397	0.239603	4.288243
1326	-6108.666	-6312.188	203.5225	1.004741	0.742444	0.257556	4.798174
1332	-6120.686	-6323.93	203.2439	1.037741	0.697837	0.302163	4.935026
1338	-6115.171	-6320.206	205.0342	1.06595	0.697837	0.302163	3.909276
1344	-6122.655	-6327.679	205.0241	1.197176	0.697837	0.302163	3.839742
1350	-6120.854	-6326.219	205.3658	1.19074	0.697837	0.302163	3.64624
1356	-6126.357	-6331.382	205.0248	1.165206	0.775793	0.224207	3.857695
1362	-6130.189	-6334.773	204.5839	1.153767	0.718269	0.281731	4.116314
1368	-6138.574	-6342.862	204.2882	1.048585	0.660555	0.339445	4.343656
1374	-6137.619	-6341.837	204.2184	1.080386	0.675213	0.324787	4.365118
1380	-6127.335	-6332.522	205.1869	1.116996	0.729735	0.270265	3.792214
1386	-6119.961	-6323.138	203.1773	1.041262	0.766819	0.233181	4.97012
1392	-6117.942	-6321.964	204.0218	1.041262	0.692438	0.307562	4.497933
1398	-6123.835	-6327.93	204.0947	1.079361	0.744379	0.255621	4.435471
1404	-6133.483	-6337.581	204.0981	1.075955	0.744379	0.255621	4.435471
1410	-6115.998	-6320.143	204.1444	1.029612	0.756933	0.243067	4.435471
1416	-6124.143	-6328.608	204.4646	1.125108	0.714967	0.285033	4.200385
1422	-6133.56	-6337.841	204.2815	1.18667	0.737506	0.262494	4.269333
1428	-6128.94	-6333.278	204.3377	1.130376	0.766675	0.233325	4.269333
1434	-6132.955	-6337.337	204.3819	1.086259	0.719402	0.280598	4.269333
1440	-6130.484	-6334.867	204.3836	1.084545	0.736254	0.263746	4.269333
1446	-6120.508	-6324.773	204.2645	1.084545	0.781471	0.218529	4.336717
1452	-6129.046	-6331.865	202.8198	0.9694398	0.739724	0.260276	5.208145
1458	-6131.055	-6334.652	203.5971	0.9954796	0.717094	0.282906	4.761704
1464	-6121.359	-6324.677	203.3173	0.9280115	0.737003	0.262997	4.955254
1470	-6127.243	-6331.202	203.9586	1.044191	0.729882	0.270118	4.531843
1476	-6131.904	-6336.387	204.4829	1.039888	0.78408	0.21592	4.238388
1482	-6123.51	-6328.3	204.7895	1.099011	0.788789	0.211211	4.030341
1488	-6143.372	-6346.177	202.8045	0.9919401	0.765067	0.234933	5.204163
1494	-6136.989	-6340.76	203.7712	1.046903	0.767643	0.232357	4.635474
1500	-6147.698	-6350.327	202.629	1.108646	0.74808	0.25192	5.236698
1506	-6137.789	-6341.634	203.8452	1.019716	0.74808	0.25192	4.609251
1512	-6148.441	-6352.668	204.2272	1.027962	0.787742	0.212258	4.389723
1518	-6137.957	-6342.164	204.2075	1.177887	0.752841	0.247159	4.316171
1524	-6141.123	-6344.638	203.5146	1.032126	0.728769	0.271231	4.7873
1530	-6146.659	-6350.685	204.0264	1.065825	0.728769	0.271231	4.481553
1536	-6136.75	-6340.764	204.0139	1.07833	0.732507	0.267493	4.481553
1542	-6130.81	-6334.983	204.1731	1.082937	0.732507	0.267493	4.389199
1548	-6129.686	-6334.56	204.8741	1.110975	0.693978	0.306022	3.975139
1554	-6118.816	-6322.407	203.591	1.079987	0.699715	0.300285	4.717846
1560	-6120.682	-6323.771	203.0892	1.082355	0.794636	0.205364	4.996257
1566	-6123.072	-6326.903	203.8313	1.001786	0.658527	0.341473	4.627114
1572	-6119.507	-6324.687	205.1804	1.191016	0.716829	0.283171	3.753284
1578	-6130.539	-6336.744	206.2055	1.315959	0.772231	0.227769	3.079291
1584	-6121.655	-6326.57	204.9141	1.114712	0.747404	0.252596	3.950114
1590	-6119.029	-6323.799	204.7693	1.117487	0.750864	0.249136	4.031326
1596	-6120.833	-6324.925	204.092	1.15864	0.742455	0.257545	4.392266
1602	-6140.065	-6344.369	204.3039	1.135098	0.742314	0.257686	4.285837
1608	-6130.343	-6333.802	203.4589	1.015913	0.743135	0.256865	4.827431
1614	-6133.198	-6337.367	204.1695	0.9933926	0.722379	0.277621	4.441726
1620	-6140.284	-6344.373	204.0891	0.9713794	0.72449	0.27551	4.499423
1626	-6133.421	-6336.535	203.1136	0.9800693	0.769606	0.230394	5.039502
1632	-6129.447	-6333.519	204.0713	1.078186	0.770717	0.229283	4.449307
1638	-6130.032	-6334.502	204.4704	1.045319	0.765187	0.234813	4.242359
1644	-6143.936	-6347.899	203.9635	1.048071	0.729148	0.270852	4.526925
1650	-6133.444	-6336.594	203.1503	0.9599693	0.750895	0.249105	5.030243
1656	-6128.151	-6331.725	203.574	1.004726	0.716302	0.283698	4.769436
1662	-6118.967	-6323.352	204.3843	1.10663	0.723201	0.276799	4.256401
1668	-6117.675	-6322.674	204.9986	1.12075	0.723201	0.276799	3.89828
1674	-6116.127	-6320.215	204.0879	1.018078	0.740093	0.259907	4.473792
1680	-6132.269	-6336.401	204.1321	1.135343	0.743956	0.256044	4.382802
1686	-6117.714	-6321.886	204.1725	1.050462	0.759054	0.240946	4.407863
1692	-6123.059	-6327.413	204.3533	1.009903	0.755202	0.244798	4.328695
1698	-6118.184	-6321.372	203.1877	1.018695	0.753283	0.246717	4.976854
1704	-6113.918	-6317.612	203.6942	1.090246	0.782319	0.217681	4.654362
1710	-6112.824	-6317.841	205.017	1.159537	0.759766	0.240234	3.865433
1716	-6123.853	-6329.937	206.0837	1.24742	0.728473	0.271527	3.192528
1722	-6115.923	-6320.928	205.0053	1.136879	0.71888	0.28112	3.885179
1728	-6119.635	-6323.983	204.3478	1.113252	0.766434	0.233566	4.273349
1734	-6130.407	-6335.375	204.9677	1.072579	0.712801	0.287199	3.943555
1740	-6130.521	-6335.704	205.1828	1.090078	0.792518	0.207482	3.810058
1746	-6129.639	-6334.461	204.822	1.116606	0.719241	0.280759	4.001706
1752	-6125.936	-6330.372	204.4354	1.116606	0.725497	0.274503	4.221776
1758	-6134.525	-6339.524	204.9991	1.124288	0.788912	0.211088	3.895969
1764	-6135.145	-6339.205	204.0596	1.130465	0.792983	0.207017	4.426455
1770	-6139.749	-6344.861	205.1119	1.170928	0.724943	0.275057	3.804307
1776	-6128.199	-6331.46	203.2615	0.9918467	0.744694	0.255306	4.950782
1782	-6131.166	-6335.495	204.3289	0.9918467	0.738121	0.261879	4.35268
1788	-6142.436	-6345.173	202.7364	0.9773573	0.738121	0.261879	5.249912
1794	-6138.426	-6341.418	202.992	1.006912	0.729253	0.270747	5.092067
1800	-6138.053	-6341.25	203.1966	0.9831546	0.737989	0.262011	4.991657
1806	-6139.525	-6342.695	203.1697	1.010093	0.738227	0.261773	4.991657
1812	-6139.798	-6343.868	204.0699	1.020698	0.817921	0.182079	4.482467
1818	-6135.574	-6338.407	202.8328	0.9312246	0.76203	0.23797	5.222082
1824	-6123.148	-6326.027	202.8795	0.9231254	0.711443	0.288557	5.20073
1830	-6118.142	-6321.749	203.6069	0.9455233	0.707825	0.292175	4.784108
1836	-6126.62	-6330.753	204.1333	0.9534542	0.775524	0.224476	4.484594
1842	-6126.52	-6330.245	203.7242	1.055699	0.733038	0.266962	4.656873
1848	-6129.614	-6333.776	204.1625	1.132303	0.77683	0.22317	4.367367
1854	-6132.708	-6336.409	203.701	0.9559036	0.735646	0.264354	4.725707
1860	-6129.397	-6332.541	203.1441	0.9270778	0.734649	0.265351	5.051964
1866	-6129.896	-6334.566	204.6694	1.124198	0.720765	0.279235	4.084491
1872	-6126.079	-6331.039	204.9597	1.126543	0.743268	0.256732	3.917237
1878	-6122.738	-6328.144	205.4058	1.210027	0.789476	0.210524	3.61185
1884	-6117.293	-6320.501	203.2081	1.017653	0.787559	0.212441	4.966099
1890	-6121.007	-6325.053	204.0464	1.039691	0.778477	0.221523	4.484964
1896	-6127.314	-6331.195	203.8803	1.104759	0.726395	0.273605	4.541776
1902	-6138.919	-6342.703	203.784	1.057576	0.785354	0.214646	4.622313
1908	-6131.216	-6335.349	204.1336	1.083998	0.785354	0.214646	4.410914
1914	-6131.915	-6335.285	203.3701	1.062482	0.721066	0.278934	4.850984
1920	-6122.676	-6326.445	203.7692	0.9540213	0.760802	0.239198	4.688609
1926	-6123.916	-6328.238	204.3214	1.098942	0.716391	0.283609	4.296396
1932	-6129.706	-6334.34	204.6341	1.117595	0.700699	0.299301	4.108329
1938	-6124.883	-6328.36	203.4773	0.9897925	0.718738	0.281262	4.831747
1944	-6120.897	-6324.981	204.0837	1.010117	0.782802	0.217198	4.480615
1950	-6115.84	-6319.041	203.2007	0.9322381	0.763717	0.236283	5.017676
1956	-6119.478	-6322.876	203.3979	0.9784635	0.791002	0.208998	4.882288
1962	-6120.435	-6323.032	202.5964	0.9419633	0.709203	0.290797	5.346722
1968	-6119.76	-6322.323	202.5626	0.9419633	0.81057	0.18943	5.365387
1974	-6120.737	-6323.054	202.3167	0.9289295	0.791898	0.208102	5.507927
1980	-6128.755	-6333.393	204.6377	1.042808	0.72985	0.27015	4.14881
1986	-6128.244	-6333.963	205.7193	1.229134	0.805555	0.194445	3.417994
1992	-6128.597	-6334.081	205.4835	1.187469	0.809913	0.190087	3.579827
1998	-6128.589	-6333.812	205.2234	1.187469	0.706597	0.293403	3.730494
2004	-6129.941	-6333.084	203.1435	0.9272147	0.76288	0.23712	5.052208
2010	-6133.374	-6337.475	204.1008	0.9771995	0.754494	0.245506	4.489519
2016	-6142.005	-6346.035	204.03	1.048003	0.735015	0.264985	4.489519
2022	-6128.254	-6333.248	204.9946	1.116555	0.74636	0.25364	3.90296
2028	-6128.92	-6333.609	204.6897	1.163649	0.76208	0.23792	4.050372
2034	-6136.42	-6341.052	204.6326	1.105623	0.701032	0.298968	4.116016
2040	-6125.06	-6329.708	204.6483	1.089903	0.749971	0.250029	4.116016
2046	-6127.546	-6331.885	204.3396	1.126356	0.77679	0.22321	4.270534
2052	-6127.433	-6332.485	205.0521	1.201172	0.771781	0.228219	3.821354
2058	-6121.037	-6327.267	206.2302	1.244538	0.798793	0.201207	3.107125
2064	-6127.108	-6331.797	204.6889	1.051942	0.694366	0.305634	4.114485
2070	-6113.527	-6317.07	203.5427	1.027587	0.694366	0.305634	4.774112
2076	-6123.717	-6328.057	204.3396	1.083687	0.793341	0.206659	4.294705
2082	-6116.371	-6319.901	203.5297	0.9956234	0.719567	0.280433	4.799228
2088	-6120.563	-6324.586	204.0228	0.9471467	0.759166	0.240834	4.550292
2094	-6120.808	-6324.728	203.9199	1.050023	0.739606	0.260394	4.550292
2100	-6121.286	-6324.979	203.6928	1.085077	0.818709	0.181291	4.658025
2106	-6129.088	-6331.854	202.7666	0.9756431	0.761692	0.238308	5.23416
2112	-6134.033	-6338.464	204.4316	1.120046	0.820248	0.179752	4.222006
2118	-6141.463	-6344.428	202.9652	1.063667	0.768104	0.231896	5.075449
2124	-6130.41	-6333.917	203.5068	0.9556443	0.786723	0.213277	4.834297
2130	-6121.964	-6325.42	203.4563	1.035853	0.73819	0.26181	4.817764
2136	-6123.987	-6327.582	203.5955	1.015822	0.73819	0.26181	4.751206
2142	-6127.618	-6330.806	203.1885	1.050151	0.73819	0.26181	4.958931
2148	-6125.5	-6330.168	204.6681	1.103928	0.758703	0.241297	4.09674
2154	-6132.04	-6336.744	204.7042	1.068255	0.694765	0.305235	4.096515
2160	-6122.764	-6327.863	205.099	1.167021	0.78252	0.21748	3.813967
2166	-6130.413	-6335.101	204.6888	1.178397	0.78252	0.21748	4.042478
2172	-6128.336	-6333.2	204.8638	1.15042	0.763761	0.236239	3.958465
2178	-6139.181	-6344.507	205.3263	1.16739	0.782512	0.217488	3.682623
2184	-6127.011	-6331.981	204.9701	1.13495	0.738214	0.261786	3.906452
2190	-6138.977	-6343.602	204.6252	1.074015	0.737322	0.262678	4.13821
2196	-6128.889	-6331.711	202.8219	0.9457343	0.665758	0.334242	5.220083
2202	-6128.811	-6333.395	204.5842	1.021018	0.741755	0.258245	4.191617
2208	-6134.702	-6338.281	203.5784	1.021018	0.741755	0.258245	4.757836
2214	-6138.172	-6343.681	205.5095	1.080652	0.741755	0.258245	3.626772
2220	-6130.435	-6335.698	205.2629	1.166708	0.728802	0.271198	3.719657
2226	-6119.764	-6323.977	204.2127	1.155088	0.764593	0.235407	4.32613
2232	-6131.368	-6334.68	203.3122	1.148407	0.771391	0.228609	4.835333
2238	-6123.856	-6327.299	203.443	1.017627	0.746722	0.253278	4.835333
2244	-6123.223	-6327.31	204.0868	1.048955	0.746722	0.253278	4.457049
2250	-6119.745	-6324.003	204.2584	1.062746	0.715805	0.284195	4.352489
2256	-6137.596	-6341.248	203.6522	1.002033	0.759662	0.240338	4.727217
2262	-6127.348	-6331.659	204.311	1.006825	0.70634	0.29366	4.354341
2268	-6126.588	-6331.075	204.4872	1.09961	0.728841	0.271159	4.20206
2274	-6120.967	-6325.209	204.2421	1.045416	0.734607	0.265393	4.371471
2280	-6126.678	-6332.251	205.5729	1.200501	0.734607	0.265393	3.520219
2286	-6129.505	-6333.719	204.2147	1.138832	0.685566	0.314434	4.334192
2292	-6141.581	-6347.024	205.443	1.124839	0.692223	0.307777	3.639686
2298	-6114.624	-6318.574	203.9499	1.09654	0.772264	0.227736	4.507321
2304	-6121.154	-6324.833	203.679	1.076173	0.772264	0.227736	4.670754
2310	-6137.479	-6340.418	202.9384	1.030145	0.739655	0.260345	5.108891
2316	-6132.915	-6337.326	204.4113	1.038806	0.739655	0.260345	4.279521
2322	-6127.477	-6330.636	203.1589	1.092357	0.739655	0.260345	4.951943
2328	-6130.298	-6333.793	203.495	1.092357	0.741364	0.258636	4.764621
2334	-6131.573	-6335.115	203.542	1.045339	0.741364	0.258636	4.764621
2340	-6138.518	-6341.166	202.6483	1.01068	0.741591	0.258409	5.280161
2346	-6137.43	-6339.707	202.2773	1.090402	0.741591	0.258409	5.440763
2352	-6117.627	-6321.855	204.2279	1.117715	0.793861	0.206139	4.338632
2358	-6119.445	-6326.028	206.5827	1.275141	0.74283	0.25717	2.877144
2364	-6123.3	-6327.834	204.5336	1.163997	0.69831	0.30169	4.139126
2370	-6119.661	-6324.912	205.2514	1.163997	0.724579	0.275421	3.727885
2376	-6114.725	-6319.559	204.8341	1.132457	0.736424	0.263576	3.985733
2382	-6120.663	-6323.766	203.1038	1.009391	0.784889	0.215111	5.028623
2388	-6128.573	-6332.249	203.6754	1.063173	0.790868	0.209132	4.680039
2394	-6132.219	-6337.665	205.4454	1.153054	0.803504	0.196496	3.621973
2400	-6136.818	-6342.137	205.3195	1.173429	0.77193	0.22807	3.683093
2406	-6137.792	-6341.604	203.8118	0.9510695	0.770946	0.229054	4.666448
2412	-6132.415	-6336.482	204.0664	1.110964	0.809049	0.190951	4.433605
2418	-6138.412	-6343.327	204.9143	1.211066	0.812804	0.187196	3.89478
2424	-6129.333	-6334.221	204.8882	1.14662	0.753027	0.246973	3.946679
2430	-6124.002	-6327.497	203.4952	1.025734	0.768596	0.231404	4.801703
2436	-6131.615	-6335.091	203.4764	1.044534	0.723127	0.276873	4.801703
2442	-6127.657	-6331.942	204.2851	1.085346	0.723127	0.276873	4.324594
2448	-6123.561	-6328.518	204.9568	1.033763	0.723127	0.276873	3.972007
2454	-6135.301	-6340.207	204.9062	1.084341	0.723127	0.276873	3.972007
2460	-6122.792	-6327.159	204.3675	1.118389	0.758599	0.241401	4.259277
2466	-6121.833	-6326.162	204.3285	1.07962	0.685515	0.314485	4.303309
2472	-6152.395	-6355.708	203.313	0.9156551	0.745525	0.254475	4.964518
2478	-6155.537	-6357.468	201.9314	0.9305397	0.790499	0.209501	5.718562
2484	-6136.232	-6340.586	204.354	1.106469	0.725546	0.274454	4.273686
2490	-6127.934	-6332.393	204.4587	1.064216	0.764764	0.235236	4.238316
2496	-6122.278	-6325.643	203.3657	1.071857	0.778618	0.221382	4.84821
2502	-6123.054	-6326.46	203.4059	1.031637	0.813367	0.186633	4.84821
2508	-6119.6	-6322.81	203.2092	1.054303	0.75239	0.24761	4.945143
2514	-6122.488	-6326.74	204.252	1.054303	0.704177	0.295823	4.360853
2520	-6116.749	-6320.988	204.2382	1.114045	0.75899	0.24101	4.334885
2526	-6106.319	-6310.953	204.6339	1.090768	0.785412	0.214588	4.123698
2532	-6117.96	-6322.002	204.0415	1.071142	0.755381	0.244619	4.470058
2538	-6119.821	-6324.354	204.5331	1.135707	0.746064	0.253936	4.155493
2544	-6122.172	-6326.301	204.1288	1.14997	0.731801	0.268199	4.376371
2550	-6126.482	-6330.503	204.0205	0.9759912	0.731801	0.268199	4.535372
2556	-6129.391	-6332.754	203.3625	1.019724	0.741522	0.258478	4.879028
2562	-6128.224	-6332.77	204.5463	1.189475	0.741522	0.258478	4.11737
2568	-6122.727	-6327.366	204.6388	1.09703	0.75893	0.24107	4.11737
2574	-6123.316	-6328.169	204.8525	1.129119	0.75893	0.24107	3.977135
2580	-6131.362	-6335.803	204.4412	1.188228	0.787917	0.212083	4.177831
2586	-6131.22	-6334.89	203.6697	1.022046	0.686723	0.313277	4.70622
2592	-6141.193	-6344.487	203.2935	0.9940854	0.790709	0.209291	4.93169
2598	-6122.085	-6326.477	204.3919	1.025499	0.790709	0.209291	4.298045
2604	-6125.115	-6329.888	204.7735	1.18489	0.67519	0.32481	3.99044
2610	-6121.026	-6325.769	204.7422	1.110279	0.760432	0.239568	4.05089
2616	-6114.238	-6318.625	204.3868	1.111647	0.732658	0.267342	4.252177
2622	-6131.113	-6335.937	204.8236	1.153685	0.732658	0.267342	3.979632
2628	-6129.977	-6334.865	204.8874	1.045583	0.730622	0.269378	4.004947
2634	-6109.974	-6314.344	204.3705	1.144944	0.70297	0.29703	4.24252
2640	-6116.568	-6321.179	204.6107	1.052781	0.68869	0.31131	4.158499
2646	-6118.371	-6323.812	205.4412	1.196128	0.741066	0.258934	3.599388
2652	-6128.218	-6333.756	205.5389	1.196128	0.74438	0.25562	3.542565
2658	-6122.411	-6327.973	205.5623	1.230752	0.774586	0.225414	3.50876
2664	-6121.497	-6326.111	204.6142	1.078697	0.7717	0.2283	4.141785
2670	-6125.696	-6330.469	204.772	1.074023	0.7717	0.2283	4.054564
2676	-6119.398	-6323.484	204.0855	1.054566	0.759951	0.240049	4.454628
2682	-6129.668	-6333.757	204.0886	1.051435	0.710172	0.289828	4.454628
2688	-6130.468	-6334.444	203.9763	1.037764	0.690403	0.309597	4.525499
2694	-6124.008	-6327.526	203.5179	0.9902172	0.768231	0.231769	4.80886
2700	-6122.987	-6327.48	204.4932	1.100012	0.771653	0.228347	4.198394
2706	-6120.023	-6324.84	204.8168	1.090053	0.769458	0.230542	4.019882
2712	-6128.469	-6331.259	202.7901	1.04255	0.702937	0.297063	5.184158
2718	-6122.594	-6327.208	204.614	1.078159	0.718834	0.281166	4.142218
2724	-6132.433	-6337.109	204.6756	1.084259	0.700402	0.299598	4.103705
2730	-6124.615	-6327.951	203.3366	1.053796	0.7427	0.2573	4.874473
2736	-6122.199	-6326.76	204.5614	1.053796	0.746889	0.253111	4.185905
2742	-6127.556	-6331.389	203.8333	1.174834	0.724925	0.275075	4.528815
2748	-6119.428	-6323.354	203.9251	1.083062	0.80404	0.19596	4.528815
2754	-6131.447	-6336.031	204.5846	1.103631	0.80404	0.19596	4.144442
2760	-6128.054	-6332.945	204.8907	1.12829	0.759783	0.240217	3.955745
2766	-6125.175	-6329.73	204.5549	1.12829	0.71936	0.28064	4.147279
2772	-6132.048	-6336.564	204.5159	1.167299	0.719112	0.280888	4.147279
2778	-6115.326	-6320.622	205.2964	1.15574	0.728297	0.271703	3.70666
2784	-6111.76	-6316.522	204.7625	1.139028	0.728297	0.271703	4.022907
2790	-6125.601	-6329.234	203.6324	1.038291	0.718821	0.281179	4.71801
2796	-6131.027	-6334.544	203.5164	0.9992142	0.735993	0.264007	4.804668
2802	-6131.602	-6335.29	203.6883	1.004459	0.803844	0.196156	4.705685
2808	-6127.662	-6330.973	203.3111	0.9143148	0.703144	0.296856	4.966294
2814	-6131.691	-6335.054	203.3626	1.056734	0.697234	0.302766	4.858361
2820	-6127.491	-6332.135	204.644	1.10608	0.725405	0.274595	4.109252
2826	-6120.5	-6323.532	203.0316	1.04045	0.725952	0.274048	5.051474
2832	-6119.126	-6321.738	202.6112	0.9649771	0.711411	0.288589	5.325845
2838	-6118.932	-6321.519	202.5867	0.9895443	0.670581	0.329419	5.325845
2844	-6126.478	-6329.53	203.0524	0.8451538	0.805541	0.194459	5.14822
2850	-6133.884	-6335.987	202.1024	0.9410751	0.684723	0.315277	5.618999
2856	-6143.547	-6346.137	202.5904	0.9682799	0.680096	0.319904	5.335512
2862	-6127.368	-6331.442	204.0736	1.076809	0.754267	0.245733	4.448801
2868	-6132.607	-6336.719	204.1123	1.110952	0.754267	0.245733	4.40774
2874	-6144.959	-6348.515	203.5559	1.074029	0.741403	0.258597	4.740811
2880	-6136.132	-6338.924	202.7919	1.059262	0.711966	0.288034	5.173894
2886	-6135.167	-6338.965	203.798	0.9418987	0.768132	0.231868	4.679288
2892	-6131.762	-6335.755	203.9926	1.06484	0.724844	0.275156	4.501091
2898	-6120.566	-6325.845	205.2783	1.166294	0.709354	0.290646	3.711045
2904	-6117.025	-6321.283	204.2582	0.9954399	0.71925	0.28075	4.390592
2910	-6111.788	-6315.08	203.2921	1.001584	0.794929	0.205071	4.928348
2916	-6115.385	-6318.82	203.4352	1.055553	0.754361	0.245639	4.818497
2922	-6128.014	-6331.657	203.6432	1.003115	0.788791	0.211209	4.731664
2928	-6123.001	-6325.949	202.9477	0.8709473	0.723873	0.276127	5.191897
2934	-6113.283	-6316.685	203.402	0.9840565	0.75871	0.24129	4.876911
2940	-6128.14	-6332.101	203.9612	1.098628	0.697494	0.302506	4.499769
2946	-6138.389	-6342.372	203.9828	1.19919	0.757596	0.242404	4.430958
2952	-6142.512	-6345.329	202.8172	0.9202966	0.741541	0.258459	5.236764
2958	-6121.734	-6325.314	203.5799	1.102221	0.73442	0.26558	4.711628
2964	-6123.928	-6327.601	203.6733	1.034608	0.678958	0.321042	4.697181
2970	-6115.651	-6319.41	203.7588	0.9491463	0.777458	0.222542	4.697181
2976	-6116.109	-6318.645	202.5353	0.9462586	0.737676	0.262324	5.378025
2982	-6121.704	-6324.713	203.0086	0.9962986	0.730296	0.269704	5.088748
2988	-6128.81	-6331.739	202.9296	0.89864	0.782782	0.217218	5.186596
2994	-6123.428	-6326.898	203.4702	1.05863	0.770811	0.229189	4.797272
3000	-6117.651	-6322.542	204.8904	1.107086	0.747215	0.252785	3.968075
3006	-6123.699	-6327.119	203.4198	0.9972955	0.80326	0.19674	4.859587
3012	-6126.6	-6330.154	203.5541	0.8630127	0.784165	0.215835	4.859587
3018	-6116.528	-6319.281	202.7531	0.9841396	0.735755	0.264245	5.236908
3024	-6128.752	-6331.529	202.7771	0.960178	0.735755	0.264245	5.236908
3030	-6127.073	-6331.629	204.5565	1.054985	0.735755	0.264245	4.188034
3036	-6138.13	-6342.331	204.2004	1.167202	0.70608	0.29392	4.326198
3042	-6126.285	-6330.529	204.2438	1.123867	0.70608	0.29392	4.326198
3048	-6136.001	-6340.193	204.192	1.175615	0.736903	0.263097	4.326198
3054	-6127.91	-6332.793	204.8826	1.084423	0.736903	0.263097	3.985488
3060	-6116.97	-6321.764	204.7938	1.076278	0.793533	0.206467	4.04085
3066	-6120.013	-6324.766	204.753	1.117042	0.764275	0.235725	4.04085
3072	-6114.079	-6318.142	204.0622	1.109914	0.749251	0.250749	4.436522
3078	-6116.756	-6320.796	204.0396	1.099637	0.731867	0.268133	4.455043
3084	-6122.732	-6327.6	204.8678	1.102047	0.755249	0.244751	3.983862
3090	-6118.743	-6324.056	205.3123	1.215953	0.740178	0.259822	3.662656
3096	-6131.586	-6335.426	203.8403	1.075711	0.701438	0.298562	4.580556
3102	-6128.846	-6333.106	204.2601	1.135302	0.752906	0.247094	4.310511
3108	-6135.948	-6339.76	203.8118	1.05585	0.775102	0.224898	4.607716
3114	-6126.372	-6330.84	204.4683	1.099681	0.708838	0.291162	4.212727
3120	-6126.268	-6330.706	204.4376	1.130379	0.724242	0.275758	4.212727
3126	-6140.473	-6345.695	205.222	1.194896	0.774127	0.225873	3.727044
3132	-6129.781	-6333.926	204.1443	1.182003	0.781939	0.218061	4.349529
3138	-6131.118	-6335.465	204.3473	1.141142	0.754569	0.245431	4.257845
3144	-6140.231	-6343.806	203.5741	1.077386	0.747324	0.252676	4.728749
3150	-6129.477	-6334.44	204.9629	1.15269	0.766092	0.233908	3.900432
3156	-6126.608	-6330.561	203.9527	1.051946	0.766092	0.233908	4.530771
3162	-6143.857	-6348.597	204.7401	1.022319	0.777681	0.222319	4.10223
3168	-6140.256	-6344.683	204.4271	1.176549	0.777681	0.222319	4.192501
3174	-6127.823	-6333.847	206.024	1.213057	0.806334	0.193666	3.248194
3180	-6141.067	-6345.201	204.1342	1.08235	0.767304	0.232696	4.411485
3186	-6128.926	-6332.541	203.6152	1.062114	0.769688	0.230312	4.714334
3192	-6126.695	-6329.816	203.1204	1.052918	0.704807	0.295193	4.995259
3198	-6130.031	-6333.064	203.0326	0.9956384	0.704807	0.295193	5.075775
3204	-6133.269	-6337.514	204.2451	1.166106	0.738357	0.261643	4.301536
3210	-6127.071	-6330.154	203.0828	1.039328	0.696038	0.303962	5.023707
3216	-6129.721	-6333.747	204.0259	1.100739	0.696038	0.303962	4.46218
3222	-6125.966	-6330.62	204.654	1.15426	0.670769	0.329231	4.076106
3228	-6128.143	-6333.496	205.3531	1.160685	0.670769	0.329231	3.67102
3234	-6123.166	-6329.038	205.8718	1.265994	0.753385	0.246615	3.306762
3240	-6122.264	-6327.385	205.1207	1.259879	0.75742	0.24258	3.747965
3246	-6124.761	-6328.894	204.1329	1.104688	0.766157	0.233843	4.399634
3252	-6116.527	-6321.069	204.542	1.062432	0.68124	0.31876	4.192045
3258	-6136.868	-6340.278	203.4103	1.01498	0.708639	0.291361	4.85504
3264	-6130.054	-6334.47	204.4163	1.023828	0.73401	0.26599	4.285167
3270	-6127.733	-6331.802	204.0689	0.9937083	0.73401	0.26599	4.498207
3276	-6133.354	-6337.352	203.9976	1.064977	0.786943	0.213057	4.498207
3282	-6134.973	-6338.846	203.873	1.115914	0.725876	0.274124	4.539614
3288	-6139.113	-6342.922	203.8096	1.042062	0.817122	0.182878	4.616683
3294	-6131.114	-6335.28	204.1652	1.11778	0.759967	0.240033	4.374007
3300	-6129.129	-6333.857	204.7279	1.120825	0.693568	0.306432	4.053053
3306	-6128.653	-6332.692	204.0396	1.066509	0.70815	0.29185	4.473713
3312	-6124.759	-6328.482	203.7227	1.072739	0.696861	0.303139	4.648169
3318	-6124.253	-6327.194	202.9407	1.007412	0.696861	0.303139	5.120182
3324	-6123.385	-6326.667	203.2823	1.052372	0.788355	0.211645	4.905533
3330	-6128.647	-6332.053	203.4058	1.018694	0.76506	0.23494	4.855464
3336	-6130.674	-6334.336	203.6619	1.076292	0.768118	0.231882	4.680224
3342	-6131.464	-6335.528	204.0643	1.077026	0.731611	0.268389	4.453877
3348	-6132.859	-6336.468	203.6086	1.077832	0.71926	0.28074	4.709238
3354	-6150.689	-6353.487	202.7989	1.006539	0.799366	0.200634	5.199222
3360	-6135.8	-6339.952	204.1524	1.100799	0.7268	0.2732	4.390845
3366	-6123.666	-6327.212	203.5461	0.9760513	0.751091	0.248909	4.801028
3372	-6116.076	-6319.675	203.5988	1.004309	0.759371	0.240629	4.75578
3378	-6115.186	-6319.741	204.555	1.077116	0.732893	0.267107	4.176352
3384	-6125.796	-6330.02	204.2248	1.120641	0.707311	0.292689	4.338711
3390	-6123.362	-6327.602	204.2397	1.054154	0.731072	0.268928	4.367879
3396	-6135.226	-6339.291	204.0651	1.030228	0.726175	0.273825	4.479808
3402	-6135.263	-6338.839	203.5763	0.9833418	0.735919	0.264081	4.780079
3408	-6127.989	-6331.639	203.6497	0.9742076	0.735919	0.264081	4.744189
3414	-6133	-6336.651	203.651	0.9728976	0.776562	0.223438	4.744189
3420	-6129.427	-6332.597	203.1696	0.9728976	0.748239	0.251761	5.012385
3426	-6133.897	-6337.526	203.6293	0.9665368	0.768159	0.231841	4.759838
3432	-6121.958	-6325.779	203.8211	1.057792	0.790001	0.209999	4.601391
3438	-6119.309	-6322.333	203.0242	0.9233281	0.768972	0.231028	5.120534
3444	-6123.136	-6328.152	205.0151	1.179664	0.75856	0.24144	3.854942
3450	-6133.871	-6338.408	204.5363	1.108687	0.719893	0.280107	4.168987
3456	-6124.256	-6328.046	203.7904	1.058584	0.762974	0.237026	4.618188
3462	-6114.089	-6319.477	205.388	1.121421	0.747924	0.252076	3.673555
3468	-6131.601	-6336.617	205.0157	1.084266	0.764993	0.235007	3.909392
3474	-6132.072	-6335.628	203.5555	1.077567	0.756694	0.243306	4.739029
3480	-6125.916	-6329.586	203.6697	0.9896521	0.734857	0.265143	4.724333
3486	-6130.1	-6333.132	203.0326	1.012608	0.781424	0.218576	5.06635
3492	-6130.95	-6335.601	204.6504	1.063836	0.740028	0.259972	4.129642
3498	-6122.778	-6327.113	204.3357	0.9896168	0.748826	0.251174	4.350095
3504	-6131.006	-6334.859	203.8534	1.105198	0.750577	0.249423	4.556668
3510	-6139.241	-6343.594	204.3537	1.077218	0.755147	0.244853	4.290404
3516	-6137.024	-6341.78	204.7557	1.077218	0.726724	0.273276	4.062038
3522	-6138.115	-6341.587	203.4725	1.026077	0.727288	0.272712	4.81416
3528	-6137.184	-6340.722	203.5374	1.002051	0.737464	0.262536	4.79133
3534	-6129.073	-6333.669	204.5956	1.237227	0.72875	0.27125	4.062125
3540	-6126.012	-6330.989	204.977	1.157589	0.72875	0.27125	3.889522
3546	-6132.758	-6336.933	204.1759	1.124788	0.72875	0.27125	4.364001
3552	-6128.028	-6332.119	204.0915	1.08301	0.768502	0.231498	4.435209
3558	-6130.369	-6334.227	203.8575	1.083024	0.768502	0.231498	4.566792
3564	-6130.339	-6333.681	203.3425	1.011456	0.7552	0.2448	4.894769
3570	-6126.106	-6330.319	204.2126	1.01875	0.783731	0.216269	4.403138
3576	-6133.041	-6336.114	203.0722	1.04177	0.777186	0.222814	5.028226
3582	-6131.518	-6335.897	204.379	1.122807	0.760308	0.239692	4.250235
3588	-6131.275	-6335.703	204.4274	1.074482	0.771531	0.228469	4.250235
3594	-6129.711	-6332.581	202.8699	1.005148	0.756034	0.243966	5.160657
3600	-6143.878	-6347.627	203.7496	1.074754	0.749846	0.250154	4.632003
3606	-6125.82	-6330.569	204.7493	1.066036	0.784007	0.215993	4.072074
3612	-6126.956	-6331.171	204.2149	1.040428	0.718325	0.281675	4.389599
3618	-6123.63	-6326.603	202.9738	0.9490744	0.718325	0.281675	5.134201
3624	-6120.616	-6324.712	204.0954	1.081355	0.788411	0.211589	4.433953
3630	-6133.046	-6338.387	205.3411	1.101018	0.791137	0.208863	3.712451
3636	-6122.079	-6327.383	205.3041	1.185226	0.741082	0.258918	3.68514
3642	-6126.323	-6331.357	205.0342	1.238677	0.759672	0.240328	3.810025
3648	-6133.882	-6339.16	205.2777	1.262714	0.758761	0.241239	3.655611
3654	-6123.256	-6328.613	205.3573	1.121523	0.758761	0.241239	3.691229
3660	-6121.874	-6327.609	205.7346	1.214165	0.739764	0.260236	3.417804
3666	-6116.676	-6321.236	204.56	1.07485	0.762924	0.237076	4.174765
3672	-6129.148	-6333.628	204.4796	1.115515	0.762924	0.237076	4.197313
3678	-6136.217	-6340.742	204.5251	1.066417	0.782496	0.217504	4.199371
3684	-6151.824	-6356.111	204.2868	1.057542	0.82527	0.17473	4.339339
3690	-6140.421	-6346.085	205.6644	1.19432	0.797579	0.202421	3.470459
3696	-6144.218	-6350.271	206.0531	1.244634	0.797579	0.202421	3.212305
3702	-6142.265	-6348.351	206.0853	1.208699	0.752153	0.247847	3.214496
3708	-6137.867	-6343.388	205.5214	1.168049	0.75208	0.24792	3.569118
3714	-6133.565	-6336.858	203.293	1.07444	0.76986	0.23014	4.887263
3720	-6144.658	-6347.783	203.1245	1.002326	0.731199	0.268801	5.021064
3726	-6137.585	-6340.707	203.1221	1.038821	0.750294	0.249706	5.002158
3732	-6145.352	-6348.586	203.2341	1.010292	0.750294	0.249706	4.955725
3738	-6130.835	-6334.604	203.769	1.046248	0.750294	0.249706	4.63709
3744	-6129.634	-6333.82	204.1852	1.120435	0.760226	0.239774	4.361203
3750	-6145.51	-6349.073	203.5626	1.077965	0.763963	0.236037	4.734849
3756	-6138.698	-6343.544	204.8461	1.099206	0.763963	0.236037	3.997892
3762	-6141.121	-6346.531	205.4102	1.204104	0.763963	0.236037	3.612738
3768	-6154.852	-6358.745	203.8931	1.099072	0.791373	0.208627	4.537826
3774	-6134.806	-6340.334	205.5274	1.204956	0.73187	0.26813	3.544128
3780	-6129.617	-6334.258	204.6407	1.149578	0.670732	0.329268	4.086342
3786	-6123.89	-6328.002	204.112	1.072776	0.724745	0.275255	4.429404
3792	-6127.681	-6331.813	204.1315	1.053275	0.724745	0.275255	4.429404
3798	-6133.057	-6336.683	203.6257	0.9973277	0.724745	0.275255	4.744656
3804	-6144.01	-6347.826	203.8162	1.015347	0.790184	0.209816	4.627951
3810	-6139.269	-6342.905	203.6359	1.059824	0.73204	0.26796	4.704024
3816	-6123.953	-6327.133	203.1797	0.9811734	0.753876	0.246124	5.002144
3822	-6119.373	-6322.519	203.1461	0.9309713	0.759235	0.240765	5.048694
3828	-6135.289	-6338.463	203.1731	0.9039428	0.755406	0.244594	5.048694
3834	-6123.819	-6327.067	203.2478	0.9633256	0.721555	0.278445	4.974239
3840	-6122.843	-6327.481	204.6373	1.127823	0.76605	0.23395	4.100691
3846	-6118.921	-6323.627	204.7055	1.059626	0.745669	0.254331	4.100691
3852	-6113.467	-6318.233	204.7663	1.140002	0.715656	0.284344	4.020186
3858	-6126.608	-6331.17	204.5617	1.044466	0.7013	0.2987	4.191044
3864	-6128.092	-6332.734	204.6417	1.075316	0.734923	0.265077	4.12805
3870	-6115.897	-6320.06	204.1628	1.028574	0.746863	0.253137	4.42571
3876	-6120.514	-6324.577	204.0625	1.128877	0.746863	0.253137	4.42571
3882	-6120.479	-6325.456	204.9776	1.139022	0.738014	0.261986	3.899834
3888	-6121.607	-6326.602	204.9953	1.121288	0.738014	0.261986	3.899834
3894	-6129.059	-6332.656	203.5972	1.13098	0.756546	0.243454	4.685878
3900	-6152.147	-6355.276	203.1291	1.047172	0.767063	0.232937	4.993635
3906	-6140.601	-6345.754	205.153	1.1042	0.714484	0.285516	3.819074
3912	-6136.945	-6340.633	203.688	0.9840037	0.838973	0.161027	4.717258
3918	-6136.562	-6339.972	203.4099	0.9689106	0.77798	0.22202	4.88095
3924	-6128.922	-6333.235	204.3127	1.052591	0.764226	0.235774	4.32753
3930	-6133.332	-6336.445	203.1131	1.048611	0.75638	0.24362	5.001703
3936	-6144.548	-6348.962	204.4139	1.048611	0.791471	0.208529	4.272514
3942	-6133.634	-6336.963	203.3297	0.9733828	0.727684	0.272316	4.923093
3948	-6146.988	-6349.01	202.0225	0.9016718	0.727684	0.272316	5.684422
3954	-6139.605	-6341.171	201.5666	0.8234661	0.727684	0.272316	5.976576
3960	-6128.565	-6332.69	204.1253	1.078233	0.670782	0.329218	4.41882
3966	-6132.565	-6337.507	204.9424	1.190205	0.678654	0.321346	3.890652
3972	-6135.189	-6339.343	204.1542	1.073801	0.67345	0.32655	4.405062
3978	-6128.121	-6332.736	204.6158	1.128645	0.688244	0.311756	4.112446
3984	-6122.903	-6327.906	205.0026	1.156831	0.700104	0.299896	3.87523
3990	-6121.169	-6326.548	205.3787	1.196999	0.770097	0.229903	3.635131
3996	-6126.813	-6332.08	205.2673	1.12246	0.723028	0.276972	3.742705
4002	-6123.156	-6327.385	204.2288	1.125531	0.723028	0.276972	4.333706
4008	-6125.947	-6328.632	202.6857	0.8996371	0.723028	0.276972	5.32081
4014	-6126.306	-6329.09	202.7837	0.8933753	0.74099	0.25901	5.270186
4020	-6126.851	-6329.152	202.3002	0.9918407	0.733926	0.266074	5.482442
4026	-6126.383	-6328.856	202.4728	0.8803078	0.746518	0.253482	5.448826
4032	-6125.084	-6328.041	202.9572	0.9991004	0.711733	0.288267	5.11567
4038	-6128.54	-6331.638	203.0982	0.9830378	0.781634	0.218366	5.046408
4044	-6141.02	-6344.558	203.5373	1.046501	0.786817	0.213183	4.766586
4050	-6130.96	-6334.512	203.5518	0.9116651	0.802238	0.197762	4.833748
4056	-6121.096	-6324.671	203.5757	1.079986	0.778185	0.221815	4.726432
4062	-6130.408	-6334.484	204.0755	0.9747417	0.750639	0.249361	4.505181
4068	-6133.112	-6335.98	202.868	0.9995266	0.750639	0.249361	5.164864
4074	-6132.245	-6334.759	202.5146	0.9104446	0.750639	0.249361	5.409182
4080	-6129.78	-6333.726	203.9463	1.041515	0.737148	0.262852	4.540265
4086	-6125.731	-6330.59	204.8592	1.127209	0.788151	0.211849	3.974402
4092	-6123.821	-6329.102	205.2804	1.111338	0.718054	0.281946	3.74155
4098	-6126.523	-6330.608	204.0847	1.082922	0.797342	0.202658	4.439078
4104	-6122.765	-6326.837	204.0723	0.9497935	0.748187	0.251813	4.520962
4110	-6144.409	-6347.881	203.4722	0.8785853	0.786715	0.213285	4.89652
4116	-6141.126	-6345.743	204.6174	1.135148	0.786715	0.213285	4.107815
4122	-6148.728	-6354.053	205.3252	1.241582	0.723745	0.276255	3.640328
4128	-6138.387	-6342.961	204.5738	1.079392	0.767864	0.232136	4.164338
4134	-6127.117	-6331.623	204.5063	1.167382	0.767864	0.232136	4.152712
4140	-6126.249	-6331.608	205.3591	1.197393	0.767864	0.232136	3.646277
4146	-6132.376	-6338.042	205.6658	1.174569	0.732885	0.267115	3.481175
4152	-6136.179	-6340.832	204.6531	1.049717	0.839265	0.160735	4.136145
4158	-6122.979	-6327.864	204.8841	1.130618	0.685605	0.314395	3.958194
4164	-6130.394	-6336.101	205.7064	1.179031	0.692357	0.307643	3.454813
4170	-6132.382	-6337.751	205.369	1.200188	0.728818	0.271182	3.638896
4176	-6136.419	-6339.731	203.3122	1.051528	0.685761	0.314239	4.889311
4182	-6131.493	-6334.258	202.7659	1.032908	0.760275	0.239725	5.202861
4188	-6137.016	-6340.799	203.7833	0.9465415	0.760275	0.239725	4.684909
4194	-6133.968	-6337.1	203.1317	1.028033	0.728321	0.271679	5.002784
4200	-6128.136	-6331.455	203.3192	1.0746	0.809933	0.190067	4.872595
4206	-6131.627	-6334.963	203.3365	1.057298	0.809933	0.190067	4.872595
4212	-6130.008	-6334.64	204.632	1.156426	0.724792	0.275208	4.087399
4218	-6123.106	-6327.828	204.7214	1.115957	0.724792	0.275208	4.059516
4224	-6119.209	-6323.726	204.5173	1.04211	0.740178	0.259822	4.217572
4230	-6123.82	-6328.216	204.3962	1.064032	0.741727	0.258273	4.273824
4236	-6133.795	-6338.387	204.5927	1.05695	0.741727	0.258273	4.166357
4242	-6133.635	-6337.426	203.7912	1.03902	0.741727	0.258273	4.628702
4248	-6126.922	-6329.573	202.6508	1.00681	0.732628	0.267372	5.280897
4254	-6137.822	-6340.472	202.6509	0.956243	0.732628	0.267372	5.308792
4260	-6138.861	-6341.851	202.9903	0.9930251	0.757069	0.242931	5.100669
4266	-6138.685	-6342	203.3149	0.9930251	0.757069	0.242931	4.920373
4272	-6141.422	-6345.463	204.0414	0.9871182	0.756398	0.243602	4.517359
4278	-6125.523	-6329.948	204.4248	1.088305	0.775735	0.224265	4.243851
4284	-6122.728	-6327.049	204.3212	1.191913	0.766448	0.233552	4.243851
4290	-6131.669	-6335.656	203.9867	1.054284	0.766448	0.233552	4.510346
4296	-6123.907	-6328.391	204.4843	1.085575	0.730808	0.269192	4.211673
4302	-6118.673	-6322.187	203.5141	0.9868933	0.797084	0.202916	4.812791
4308	-6118.008	-6321.526	203.518	0.9830443	0.734888	0.265112	4.812791
4314	-6127.339	-6329.803	202.4635	0.9392857	0.698201	0.301799	5.42147
4320	-6127.918	-6330.895	202.9769	0.8904983	0.726075	0.273925	5.164902
4326	-6123.119	-6326.157	203.0377	0.9600088	0.72401	0.27599	5.092744
4332	-6135.516	-6339.164	203.6476	1.121612	0.753339	0.246661	4.66285
4338	-6151.187	-6354.226	203.0389	0.9652307	0.735094	0.264906	5.089139
4344	-6141.139	-6343.587	202.448	0.9336	0.734432	0.265568	5.433142
4350	-6132.504	-6335.108	202.6037	0.9845446	0.735265	0.264735	5.319217
4356	-6125.73	-6329.151	203.4208	0.9426988	0.741946	0.258054	4.889455
4362	-6134.015	-6338.451	204.4358	1.066658	0.741946	0.258054	4.249902
4368	-6129.268	-6333.441	204.1727	1.099143	0.806481	0.193519	4.380287
4374	-6141.205	-6345.676	204.4707	1.097567	0.700107	0.299893	4.212586
4380	-6124.603	-6329.09	204.4875	1.162146	0.700107	0.299893	4.166356
4386	-6127.086	-6331.006	203.9194	1.118941	0.777037	0.222963	4.511854
4392	-6126.998	-6330.768	203.7699	0.973154	0.725485	0.274515	4.677547
4398	-6144.171	-6346.628	202.4563	1.00127	0.725485	0.274515	5.391249
4404	-6137.402	-6342.298	204.8957	1.065593	0.725485	0.274515	3.98878
4410	-6134.681	-6338.364	203.683	1.096608	0.725485	0.274515	4.657063
4416	-6132.47	-6336.7	204.2294	1.038263	0.742922	0.257078	4.382683
4422	-6122.646	-6326.846	204.1997	1.057633	0.776773	0.223227	4.388474
4428	-6123.266	-6327.314	204.0481	1.042257	0.744319	0.255681	4.482591
4434	-6127.044	-6331.627	204.5834	1.085633	0.734077	0.265923	4.155325
4440	-6131.155	-6336.479	205.3242	1.073041	0.729154	0.270846	3.738396
4446	-6132.427	-6337.519	205.0926	1.090442	0.728126	0.271874	3.86169
4452	-6136.719	-6342.213	205.4939	1.207434	0.728126	0.271874	3.562192
4458	-6135.919	-6340.946	205.0275	1.1698	0.716599	0.283401	3.853496
4464	-6115.99	-6320.846	204.8559	1.178476	0.81096	0.18904	3.946941
4470	-6134.624	-6339.43	204.8057	1.138836	0.81096	0.18904	3.998329
4476	-6136.723	-6341.351	204.6285	1.110813	0.727714	0.272286	4.11539
4482	-6143.426	-6349.564	206.1386	1.382438	0.763011	0.236989	3.079533
4488	-6136.097	-6342.04	205.943	1.320645	0.785474	0.214526	3.232478
4494	-6134.472	-6340.946	206.4737	1.308602	0.720921	0.279079	2.922771
4500	-6124.736	-6329.134	204.3978	1.159595	0.720921	0.279079	4.218755
4506	-6117.603	-6322.02	204.4168	1.140593	0.722743	0.277257	4.218755
4512	-6117.3	-6321.775	204.4745	1.082815	0.769333	0.230667	4.218755
4518	-6129.21	-6333.795	204.5849	1.1385	0.754708	0.245292	4.124448
4524	-6134.668	-6339.685	205.0169	1.1385	0.748862	0.251138	3.877543
4530	-6128.713	-6332.854	204.1407	1.024559	0.714453	0.285547	4.44042
4536	-6132.664	-6336.007	203.3429	1.146538	0.714453	0.285547	4.81926
4542	-6125.582	-6330.651	205.0695	1.134109	0.775303	0.224697	3.849906
4548	-6114.493	-6318.591	204.098	1.134109	0.775303	0.224697	4.402734
4554	-6120.584	-6324.411	203.8275	1.133501	0.697418	0.302582	4.555329
4560	-6117.33	-6321.36	204.0306	1.005303	0.69499	0.30501	4.51322
4566	-6115.1	-6319.862	204.7623	1.101669	0.764609	0.235391	4.044326
4572	-6134.346	-6340.225	205.8784	1.184579	0.764609	0.235391	3.350765
4578	-6130.159	-6335.882	205.7221	1.28447	0.782139	0.217861	3.383867
4584	-6137.496	-6341.493	203.997	1.070549	0.712238	0.287762	4.495402
4590	-6129.179	-6333.387	204.2084	1.092736	0.70302	0.29698	4.363751
4596	-6136.286	-6340.752	204.466	1.074648	0.683134	0.316866	4.228213
4602	-6120.545	-6324.557	204.0127	1.015358	0.727751	0.272249	4.517612
4608	-6122.885	-6327.046	204.1612	1.139534	0.761249	0.238751	4.364019
4614	-6117.888	-6321.901	204.0138	1.095799	0.761249	0.238751	4.471756
4620	-6121.34	-6324.18	202.8396	0.9442428	0.792085	0.207915	5.211127
4626	-6132.308	-6336.986	204.6781	1.112263	0.721156	0.278844	4.086333
4632	-6133.881	-6338.268	204.3868	1.100009	0.721156	0.278844	4.258738
4638	-6134.404	-6338.398	203.9937	1.12225	0.721156	0.278844	4.468205
4644	-6119.985	-6324.436	204.4504	1.141699	0.721597	0.278403	4.199023
4650	-6128.962	-6333.691	204.7295	1.065771	0.799773	0.200227	4.08349
4656	-6125.163	-6328.123	202.9595	0.9683902	0.715079	0.284921	5.131395
4662	-6131.892	-6334.778	202.8859	1.041995	0.700286	0.299714	5.131395
4668	-6141.603	-6344.182	202.5781	0.9078672	0.753438	0.246562	5.375603
4674	-6140.591	-6344.848	204.2577	1.030966	0.75953	0.24047	4.370821
4680	-6145.5	-6348.264	202.7635	0.9696934	0.71865	0.28135	5.239138
4686	-6143.539	-6347.979	204.4392	1.064362	0.730197	0.269803	4.249233
4692	-6135.343	-6340.152	204.8092	1.076623	0.783476	0.216524	4.031861
4698	-6135.827	-6340.429	204.6026	1.130332	0.796306	0.203694	4.119034
4704	-6128.23	-6332.807	204.577	1.155857	0.774483	0.225517	4.119034
4710	-6117.139	-6321.77	204.6314	1.101501	0.695996	0.304004	4.119034
4716	-6119.732	-6324.54	204.8085	1.115632	0.707305	0.292695	4.009986
4722	-6119.073	-6322.985	203.9119	1.094901	0.756805	0.243195	4.529581
4728	-6132.619	-6336.52	203.9011	1.105703	0.756805	0.243195	4.529581
4734	-6135.49	-6340.39	204.9001	1.160422	0.733922	0.266078	3.931978
4740	-6136.685	-6343.586	206.9004	1.346903	0.766221	0.233779	2.639252
4746	-6131.248	-6338.146	206.8984	1.425318	0.752467	0.247533	2.591997
4752	-6125.733	-6332.662	206.9291	1.442311	0.752467	0.247533	2.562458
4758	-6130.533	-6336.98	206.4465	1.263683	0.757068	0.242932	2.966248
4764	-6130.048	-6336.432	206.3836	1.315597	0.762627	0.237373	2.972818
4770	-6130.755	-6337.361	206.6062	1.339508	0.802629	0.197371	2.823888
4776	-6136.068	-6342.464	206.3957	1.372338	0.774454	0.225546	2.931361
4782	-6142.668	-6348.997	206.3289	1.309793	0.759115	0.240885	3.009156
4788	-6138.51	-6343.58	205.0699	1.225078	0.673354	0.326646	3.797353
4794	-6124.016	-6328.916	204.8999	1.119651	0.750085	0.249915	3.955451
4800	-6128.234	-6332.993	204.7584	1.014589	0.719532	0.280468	4.096217
4806	-6123.656	-6326.861	203.2051	0.9626365	0.814383	0.185617	4.998325
4812	-6138.893	-6342.099	203.206	0.9617754	0.814383	0.185617	4.998325
4818	-6133.026	-6336.306	203.2806	1.003032	0.733291	0.266709	4.933941
4824	-6134.828	-6340.076	205.2472	1.155372	0.718707	0.281293	3.735307
4830	-6121.834	-6325.3	203.4666	0.9938493	0.733291	0.266709	4.835453
4836	-6133.102	-6337.526	204.4247	1.050692	0.741197	0.258803	4.265234
4842	-6127.477	-6330.699	203.2225	1.048275	0.774722	0.225278	4.941065
4848	-6118.443	-6322.595	204.1525	1.068145	0.727222	0.272778	4.409188
4854	-6117.782	-6321.688	203.9063	1.065731	0.736169	0.263831	4.549128
4860	-6120.841	-6324.76	203.9189	1.089265	0.736169	0.263831	4.528824
4866	-6126.787	-6330	203.2132	0.927232	0.736169	0.263831	5.01353
4872	-6125.94	-6328.976	203.036	0.9323162	0.736169	0.263831	5.109017
4878	-6144.267	-6347.072	202.8054	0.9972002	0.723533	0.276467	5.200747
4884	-6128.42	-6333.304	204.8835	1.056267	0.766589	0.233411	4.00104
4890	-6130.488	-6335.209	204.7207	1.079022	0.766589	0.233411	4.080957
4896	-6129.264	-6333.985	204.7207	1.079022	0.724648	0.275352	4.080957
4902	-6137.064	-6341.404	204.3405	1.088175	0.724648	0.275352	4.291656
4908	-6132.81	-6336.656	203.8469	1.091264	0.650651	0.349349	4.568126
4914	-6135.154	-6338.605	203.4516	1.04779	0.737385	0.262615	4.813714
4920	-6131.506	-6335.001	203.4947	0.9436033	0.724228	0.275772	4.847773
4926	-6132.972	-6336.354	203.3819	0.9436033	0.78212	0.21788	4.910628
4932	-6140.135	-6342.77	202.6352	0.9502371	0.708813	0.291187	5.320774
4938	-6138.008	-6341.469	203.4615	1.094449	0.688091	0.311909	4.782131
4944	-6133.914	-6337.86	203.9462	1.040902	0.678994	0.321006	4.540678
4950	-6131.808	-6335.643	203.8348	1.04607	0.75206	0.24794	4.600274
4956	-6134.13	-6338.667	204.5366	1.069858	0.75206	0.24794	4.190869
4962	-6125.969	-6331.081	205.1126	1.057638	0.729611	0.270389	3.869049
4968	-6141.524	-6345.832	204.3078	1.092903	0.729611	0.270389	4.307521
4974	-6142.563	-6348.563	205.9994	1.273703	0.756625	0.243375	3.226855
4980	-6142.83	-6348.891	206.0609	1.239589	0.756625	0.243375	3.210648
4986	-6145.578	-6349.454	203.8759	1.182326	0.815535	0.184465	4.500671
4992	-6142.098	-6347.186	205.088	1.182326	0.815535	0.184465	3.811545
4998	-6142.482	-6346.569	204.0869	1.091708	0.77751	0.22249	4.432866
5004	-6141.993	-6344.691	202.6981	0.9480024	0.724743	0.275257	5.287293
5010	-6131.442	-6335.178	203.7362	1.059799	0.721335	0.278665	4.647856
5016	-6128.172	-6332.38	204.2077	1.065085	0.717032	0.282968	4.379763
5022	-6120.205	-6325.037	204.8321	1.112354	0.781168	0.218832	3.998379
5028	-6137.248	-6342.261	205.0133	1.194624	0.781168	0.218832	3.847392
5034	-6130.716	-6335.794	205.0774	1.194624	0.767443	0.232557	3.810516
5040	-6133.932	-6339.211	205.2794	1.15827	0.7446	0.2554	3.71502
5046	-6135.379	-6340.801	205.422	1.204233	0.79458	0.20542	3.605835
5052	-6134.162	-6338.596	204.434	1.071842	0.770418	0.229582	4.247967
5058	-6139.9	-6343.459	203.5593	1.036489	0.764292	0.235708	4.759856
5064	-6127.175	-6329.431	202.2556	0.9457152	0.756999	0.243001	5.53233
5070	-6117.593	-6320.812	203.2185	1.000051	0.756999	0.243001	4.970124
5076	-6136.932	-6340.276	203.3444	0.9954837	0.783625	0.216375	4.902628
5082	-6136.209	-6340.057	203.8471	1.067881	0.737133	0.262867	4.581126
5088	-6127.506	-6332.402	204.8955	1.117606	0.828277	0.171723	3.959134
5094	-6138.822	-6344.201	205.3782	1.18762	0.693083	0.306917	3.640865
5100	-6133.387	-6337.463	204.0755	1.017035	0.727256	0.272744	4.481353
5106	-6138.452	-6341.423	202.9711	1.005413	0.797043	0.202957	5.104472
5112	-6131.406	-6334.775	203.3695	1.099151	0.780179	0.219821	4.830856
5118	-6122.688	-6326.133	203.4451	0.9822665	0.709243	0.290757	4.853849
5124	-6128.844	-6331.705	202.8604	1.053774	0.696641	0.303359	5.13901
5130	-6126.489	-6329.824	203.3342	0.9471965	0.739423	0.260577	4.935148
5136	-6114.806	-6318.964	204.1571	1.132928	0.739423	0.260577	4.370028
5142	-6139.691	-6344.69	204.9988	1.123774	0.803262	0.196738	3.89639
5148	-6134.462	-6338.8	204.3385	1.187897	0.811566	0.188434	4.236287
5154	-6149.857	-6354.161	204.3041	1.076719	0.797506	0.202494	4.318754
5160	-6139.386	-6343.27	203.8845	1.041639	0.756728	0.243272	4.57489
5166	-6129.202	-6332.226	203.0238	0.9496983	0.74734	0.25266	5.106146
5172	-6116.538	-6321.045	204.5076	1.054685	0.74734	0.25266	4.215983
5178	-6117.54	-6322.044	204.5041	1.058118	0.750705	0.249295	4.215983
5184	-6119.134	-6324.136	205.0026	1.063323	0.749318	0.250682	3.928869
5190	-6117.327	-6321.6	204.2728	1.08515	0.78443	0.21557	4.331695
5196	-6122.44	-6327.564	205.1243	1.066527	0.700208	0.299792	3.857248
5202	-6121.931	-6326.293	204.3623	1.120669	0.797034	0.202966	4.260949
5208	-6128.447	-6332.563	204.116	1.076847	0.805532	0.194468	4.424865
5214	-6132.698	-6337.169	204.4714	1.075439	0.732775	0.267225	4.224716
5220	-6121.888	-6326.354	204.4666	1.080245	0.798318	0.201682	4.224716
5226	-6127.653	-6331.594	203.9408	0.9918615	0.734651	0.265349	4.571212
5232	-6123.237	-6326.382	203.1449	0.9979861	0.751036	0.248964	5.012171
5238	-6129.713	-6334.327	204.6134	1.094316	0.719587	0.280413	4.13333
5244	-6132.378	-6336.028	203.6502	1.046438	0.724699	0.275301	4.70349
5250	-6120.223	-6324.678	204.455	1.096683	0.713333	0.286667	4.221978
5256	-6126.917	-6331.34	204.4228	1.084332	0.764183	0.235817	4.24721
5262	-6138.244	-6342.58	204.3359	1.017086	0.779787	0.220213	4.334474
5268	-6131.157	-6334.868	203.7108	1.061727	0.71291	0.28709	4.661007
5274	-6121.539	-6325.968	204.4285	1.075515	0.70602	0.29398	4.248983
5280	-6115.034	-6320.158	205.1249	1.138619	0.70602	0.29398	3.81545
5286	-6121.729	-6325.473	203.7443	1.068173	0.743789	0.256211	4.638649
5292	-6121.168	-6325.84	204.6719	1.067843	0.740285	0.259715	4.115148
5298	-6112.778	-6316.781	204.0025	1.061394	0.736635	0.263365	4.497463
5304	-6105.414	-6308.894	203.4809	1.019261	0.733231	0.266769	4.813288
5310	-6115.543	-6319.176	203.6331	1.011987	0.727249	0.272751	4.732323
5316	-6119.247	-6322.755	203.5081	1.037472	0.769858	0.230142	4.787948
5322	-6115.388	-6319.326	203.9382	0.9785229	0.798037	0.201963	4.580194
5328	-6118.82	-6322.56	203.7404	1.073277	0.763458	0.236542	4.637976
5334	-6112.844	-6317.028	204.1838	1.08405	0.746631	0.253369	4.382584
5340	-6132.487	-6337.918	205.4309	1.178939	0.733681	0.266319	3.615324
5346	-6124.835	-6330.485	205.6504	1.181722	0.733681	0.266319	3.485987
5352	-6132.319	-6336.754	204.4355	1.119941	0.687538	0.312462	4.21983
5358	-6130.261	-6334.725	204.4639	1.091616	0.769712	0.230288	4.21983
5364	-6129.566	-6333.518	203.9517	1.002909	0.794997	0.205003	4.558928
5370	-6116.158	-6319.784	203.6255	1.020994	0.757406	0.242594	4.731568
5376	-6142.896	-6347.238	204.3426	1.124277	0.746678	0.253322	4.270036
5382	-6128.712	-6333.66	204.948	1.135368	0.77522	0.22478	3.918907
5388	-6137.519	-6341.908	204.3893	1.094871	0.743544	0.256456	4.260253
5394	-6130.657	-6335.134	204.4767	1.130891	0.739816	0.260184	4.190243
5400	-6133.598	-6336.071	202.4727	0.9686122	0.773415	0.226585	5.400215
5406	-6141.134	-6343.928	202.7946	0.8878546	0.712128	0.287872	5.267181
5412	-6141.661	-6344.541	202.8798	0.8768134	0.728113	0.271887	5.226194
5418	-6141.548	-6344.462	202.9145	0.9838987	0.728113	0.271887	5.147739
5424	-6142.864	-6345.765	202.9011	0.9953841	0.745802	0.254198	5.148831
5430	-6130.504	-6333.65	203.1462	0.9699094	0.765463	0.234537	5.027034
5436	-6137.123	-6340.52	203.3972	0.9456635	0.781655	0.218345	4.900942
5442	-6144.266	-6349.728	205.4617	1.219768	0.789271	0.210729	3.573726
5448	-6138.063	-6344.229	206.166	1.203777	0.68753	0.31247	3.169557
5454	-6139.889	-6345.934	206.0446	1.241833	0.770323	0.229677	3.218986
5460	-6143.279	-6348.175	204.8952	1.207495	0.71672	0.28328	3.907785
5466	-6142.95	-6348.989	206.0389	1.163331	0.71672	0.28328	3.268786
5472	-6143.797	-6349.011	205.2139	1.135338	0.684942	0.315058	3.766042
5478	-6127.502	-6330.977	203.4748	1.046221	0.74853	0.25147	4.801631
5484	-6124.764	-6328.151	203.3872	0.9919342	0.764607	0.235393	4.880743
5490	-6118.15	-6322.824	204.6738	1.181393	0.764607	0.235393	4.049365
5496	-6129.64	-6334.023	204.3828	1.048241	0.764607	0.235393	4.29033
5502	-6129.492	-6334.183	204.6909	1.051916	0.813571	0.186429	4.113398
5508	-6121.367	-6325.645	204.2785	1.030514	0.755558	0.244442	4.359307
5514	-6126.939	-6330.695	203.7567	0.9763983	0.698342	0.301658	4.683106
5520	-6129.326	-6331.696	202.3698	0.9427293	0.729575	0.270425	5.471125
5526	-6123.039	-6326.201	203.1614	0.9368973	0.76487	0.23513	5.036932
5532	-6140.764	-6344.448	203.6841	1.018952	0.792303	0.207697	4.699893
5538	-6138.668	-6341.751	203.0824	1.012931	0.784775	0.215225	5.038537
5544	-6123.774	-6327.541	203.7674	1.033451	0.756096	0.243904	4.64513
5550	-6117.743	-6322.057	204.3143	1.050013	0.744849	0.255151	4.328089
5556	-6138.369	-6341.97	203.601	0.9804514	0.65946	0.34054	4.767883
5562	-6128.422	-6332.16	203.738	1.186096	0.725927	0.274073	4.576042
5568	-6119.889	-6323.495	203.6061	1.10152	0.725927	0.274073	4.697352
5574	-6126.934	-6330.633	203.6992	0.9960687	0.725927	0.274073	4.704283
5580	-6129.097	-6332.109	203.0119	1.110863	0.74753	0.25247	5.023344
5586	-6121.96	-6326.507	204.5471	1.133721	0.72027	0.27973	4.148675
5592	-6130.792	-6335.436	204.6449	1.12977	0.72027	0.27973	4.095234
5598	-6133.215	-6338.241	205.0251	1.122954	0.731496	0.268504	3.881772
5604	-6132.257	-6337.264	205.0067	1.141369	0.655307	0.344693	3.881772
5610	-6126.141	-6330.397	204.2554	0.9972347	0.747217	0.252783	4.391171
5616	-6138.018	-6341.26	203.2422	1.00971	0.706946	0.293054	4.951568
5622	-6122.843	-6326.273	203.4296	1.00971	0.731254	0.268746	4.847188
5628	-6143.643	-6348.027	204.3848	1.171293	0.66479	0.33521	4.219498
5634	-6131.887	-6335.931	204.0441	1.030876	0.766915	0.233085	4.491237
5640	-6128.894	-6331.737	202.8433	0.9438111	0.718482	0.281518	5.209352
5646	-6129.943	-6332.737	202.7944	0.9927067	0.718482	0.281518	5.209352
5652	-6123.593	-6328.159	204.566	1.032289	0.792069	0.207931	4.195557
5658	-6136.896	-6339.642	202.7458	0.9882837	0.686336	0.313664	5.238641
5664	-6145.773	-6349.317	203.5447	1.082888	0.81714	0.18286	4.742121
5670	-6132.746	-6335.592	202.8466	0.9041603	0.705954	0.294046	5.229435
5676	-6119.217	-6321.038	201.8208	0.9532742	0.748255	0.251745	5.766663
5682	-6121.11	-6324.319	203.2093	0.9621938	0.748255	0.251745	4.996245
5688	-6122.351	-6326.892	204.5409	1.081924	0.787688	0.212312	4.181611
5694	-6128.338	-6331.241	202.9022	1.036761	0.768671	0.231329	5.125274
5700	-6123.658	-6326.841	203.1828	0.9495053	0.726379	0.273621	5.018038
5706	-6129.095	-6331.854	202.7591	0.9070102	0.726379	0.273621	5.276243
5712	-6130.967	-6335.108	204.1417	1.02457	0.757276	0.242724	4.439857
5718	-6134.549	-6336.867	202.3184	0.9535057	0.729207	0.270793	5.493492
5724	-6129.947	-6334.113	204.1664	1.005256	0.724612	0.275388	4.436797
5730	-6127.339	-6331.515	204.176	0.9956805	0.724612	0.275388	4.436797
5736	-6127.352	-6331.856	204.5037	1.027552	0.722056	0.277944	4.233571
5742	-6135.088	-6338.716	203.627	0.9449185	0.722056	0.277944	4.773192
5748	-6120.443	-6324.039	203.5963	0.9756545	0.777095	0.222905	4.773192
5754	-6115.252	-6318.822	203.5706	1.001321	0.745316	0.254684	4.773192
5760	-6122.076	-6326.168	204.092	1.103949	0.745316	0.254684	4.423132
5766	-6130.186	-6333.329	203.1424	1.046598	0.780505	0.219495	4.986512
5772	-6127.038	-6331.326	204.2883	1.03494	0.693773	0.306227	4.351286
5778	-6128.799	-6333.462	204.6627	0.9922614	0.716855	0.283145	4.163352
5784	-6129.024	-6332.203	203.1789	1.088253	0.710691	0.289309	4.943101
5790	-6111.233	-6315.554	204.3213	1.00655	0.710691	0.289309	4.348656
5796	-6129.019	-6332.675	203.6561	1.0563	0.777169	0.222831	4.694682
5802	-6121.89	-6325.385	203.4951	0.9843448	0.653503	0.346497	4.824816
5808	-6127.49	-6331.579	204.089	1.101911	0.822682	0.177318	4.425957
5814	-6127.046	-6331.69	204.6442	1.044476	0.722958	0.277042	4.144162
5820	-6144.921	-6349.046	204.1245	1.039886	0.756113	0.243887	4.440906
5826	-6119.282	-6323.589	204.3063	1.033929	0.75267	0.24733	4.341671
5832	-6135.472	-6340.482	205.0094	1.159174	0.756872	0.243128	3.870002
5838	-6127.324	-6331.84	204.5156	1.108805	0.749853	0.250147	4.180729
5844	-6122.396	-6326.274	203.8786	1.128652	0.749853	0.250147	4.529325
5850	-6124.646	-6328.292	203.6459	0.985358	0.746603	0.253397	4.740036
5856	-6123.348	-6327.232	203.8841	1.078887	0.770294	0.229706	4.554192
5862	-6129.132	-6332.709	203.5769	1.021504	0.767822	0.232178	4.758432
5868	-6136.527	-6339.688	203.1618	1.117865	0.736277	0.263723	4.936149
5874	-6131.164	-6334.472	203.3073	0.9723444	0.816776	0.183224	4.936149
5880	-6117.208	-6321.104	203.8959	1.022933	0.739239	0.260761	4.578973
5886	-6130.492	-6334.273	203.7809	1.138	0.776858	0.223142	4.578973
5892	-6116.337	-6320.837	204.4996	1.058334	0.72254	0.27746	4.218433
5898	-6125.805	-6329.832	204.0271	1.083004	0.710025	0.289975	4.471453
5904	-6132.021	-6337.158	205.1371	1.128058	0.734686	0.265314	3.814467
5910	-6127.294	-6332.261	204.9666	1.078368	0.720347	0.279653	3.940868
5916	-6128.149	-6333.968	205.8195	1.274974	0.717678	0.282322	3.332242
5922	-6136.738	-6341.363	204.6248	1.019079	0.699211	0.300789	4.169651
5928	-6125.963	-6329.268	203.3053	1.037632	0.794217	0.205783	4.900904
5934	-6126.16	-6331.462	205.3024	1.145174	0.693557	0.306443	3.709307
5940	-6131.117	-6337.306	206.1889	1.340788	0.739133	0.260867	3.074388
5946	-6131.159	-6337.131	205.9717	1.309988	0.739133	0.260867	3.221765
5952	-6139.055	-6345.107	206.0522	1.256227	0.797567	0.202433	3.205932
5958	-6130.476	-6335.851	205.375	1.176327	0.72023	0.27977	3.649253
5964	-6133.387	-6337.831	204.4432	1.167673	0.72023	0.27977	4.188371
5970	-6143.793	-6348.699	204.9066	1.159534	0.763671	0.236329	3.928752
5976	-6131.396	-6335.568	204.1721	1.085134	0.779202	0.220798	4.388577
5982	-6132.357	-6335.915	203.5585	0.9793139	0.756961	0.243039	4.792284
5988	-6120.884	-6325.517	204.633	1.07659	0.765345	0.234655	4.132284
5994	-6128.888	-6331.85	202.9628	1.002419	0.80009	0.19991	5.110733
6000	-6148.423	-6353.042	204.6194	1.0909	0.662045	0.337955	4.1319
6006	-6144.061	-6348.706	204.6449	1.065342	0.711241	0.288759	4.1319
6012	-6125.941	-6330.285	204.3444	1.10358	0.721227	0.278773	4.280747
6018	-6122.377	-6326.124	203.7466	1.008045	0.768726	0.231274	4.671052
6024	-6125.171	-6329.397	204.2261	1.120296	0.696787	0.303213	4.338217
6030	-6125.072	-6329.485	204.4126	1.1978	0.723011	0.276989	4.188653
6036	-6124.517	-6330.209	205.6919	1.276274	0.726943	0.273057	3.406406
6042	-6119.763	-6325.673	205.9105	1.251913	0.754317	0.245683	3.292223
6048	-6126.645	-6332.187	205.5419	1.278628	0.730086	0.269914	3.492749
6054	-6121.074	-6325.413	204.3381	1.118598	0.766124	0.233876	4.275788
6060	-6111.58	-6315.193	203.6128	1.040967	0.784681	0.215319	4.727464
6066	-6127.533	-6331.794	204.2603	1.062373	0.786456	0.213544	4.35159
6072	-6121.089	-6325.306	204.217	1.105723	0.726593	0.273407	4.35159
6078	-6117.125	-6321.714	204.5888	1.086802	0.69719	0.30281	4.151586
6084	-6125.996	-6331.317	205.3215	1.198305	0.704138	0.295862	3.667529
6090	-6122.381	-6326.643	204.2625	1.152205	0.704138	0.295862	4.299581
6096	-6120.21	-6325.246	205.0365	1.034485	0.713586	0.286414	3.926005
6102	-6120.218	-6324.861	204.6426	1.151695	0.741346	0.258654	4.084041
6108	-6123.498	-6328.269	204.7712	1.091514	0.741346	0.258654	4.045043
6114	-6125.816	-6330.702	204.8857	1.061598	0.683412	0.316588	3.996748
6120	-6125.285	-6329.126	203.8414	0.9967803	0.709951	0.290049	4.624259
6126	-6144.286	-6347.452	203.166	1.043509	0.674617	0.325383	4.975148
6132	-6124.511	-6328.184	203.6727	1.002432	0.692721	0.307279	4.715524
6138	-6127.818	-6331.619	203.8014	1.004274	0.73732	0.26268	4.642467
6144	-6127.317	-6329.979	202.6618	1.027095	0.765785	0.234215	5.263644
6150	-6137.787	-6341.796	204.0098	1.029074	0.765785	0.234215	4.511532
6156	-6131.088	-6334.443	203.3555	1.050401	0.727814	0.272186	4.865819
6162	-6137.488	-6341.215	203.7269	0.980577	0.74581	0.25419	4.697428
6168	-6139.004	-6343.331	204.327	1.016431	0.760899	0.239101	4.339883
6174	-6134.28	-6338.102	203.8223	1.114913	0.788353	0.211647	4.568644
6180	-6120.773	-6326.037	205.264	1.153658	0.788353	0.211647	3.726588
6186	-6127.813	-6331.976	204.1633	1.019595	0.716699	0.283301	4.430482
6192	-6127.807	-6331.521	203.7136	1.019595	0.701658	0.298342	4.683041
6198	-6129.719	-6333.414	203.6957	1.037053	0.683458	0.316542	4.683268
6204	-6129.126	-6333.493	204.3668	1.141753	0.683458	0.316542	4.246443
6210	-6131.595	-6336.314	204.7188	1.125922	0.757022	0.242978	4.055336
6216	-6135.319	-6339.896	204.5772	1.062939	0.757022	0.242978	4.171753
6222	-6128.618	-6333.433	204.8149	1.121747	0.756386	0.243614	4.002834
6228	-6124.854	-6329.999	205.1455	1.079835	0.769777	0.230223	3.837385
6234	-6134.298	-6337.782	203.4839	1.037463	0.728018	0.271982	4.801434
6240	-6135.694	-6337.061	201.3667	0.8762344	0.785685	0.214315	6.056777
6246	-6130.663	-6333.169	202.506	1.101723	0.785685	0.214315	5.30845
6252	-6126.831	-6330.616	203.7843	1.080327	0.725315	0.274685	4.609375
6258	-6137.81	-6342.13	204.3204	1.007638	0.763017	0.236983	4.348566
6264	-6136.03	-6339.555	203.5257	1.088223	0.753887	0.246113	4.749741
6270	-6136.024	-6341.555	205.5305	1.191493	0.710436	0.289564	3.550165
6276	-6134.745	-6340.708	205.9629	1.255522	0.710436	0.289564	3.259213
6282	-6128.209	-6333.321	205.1118	1.108626	0.810104	0.189896	3.840217
6288	-6135.699	-6338.826	203.1266	0.9483354	0.79347	0.20653	5.049879
6294	-6131.807	-6335.371	203.5632	0.9935568	0.774838	0.225162	4.781707
6300	-6133.555	-6337.137	203.5824	1.104513	0.755382	0.244618	4.708966
6306	-6128.337	-6331.425	203.0881	0.8787923	0.742332	0.257668	5.109783
6312	-6127.933	-6332.099	204.1657	1.082264	0.788468	0.211532	4.393766
6318	-6121.261	-6325.263	204.002	1.049998	0.711424	0.288576	4.504168
6324	-6126.382	-6329.725	203.3427	0.9581666	0.722747	0.277253	4.924305
6330	-6130.082	-6333.481	203.3993	1.087829	0.736048	0.263952	4.820564
6336	-6131.432	-6334.533	203.1011	1.00645	0.787927	0.212073	5.031801
6342	-6128.443	-6331.58	203.1373	0.9701629	0.81614	0.18386	5.031801
6348	-6135.326	-6339.796	204.4695	1.131594	0.82764	0.17236	4.193936
6354	-6122.312	-6327.567	205.2549	1.14009	0.778912	0.221088	3.73965
6360	-6135.146	-6340.052	204.9056	1.085007	0.759838	0.240162	3.97197
6366	-6134.67	-6339.316	204.6464	1.099642	0.731322	0.268678	4.111523
6372	-6129.318	-6334.192	204.8741	1.130177	0.731322	0.268678	3.964205
6378	-6122.351	-6327.532	205.1812	1.086655	0.686872	0.313128	3.812937
6384	-6130.037	-6334.439	204.4023	1.198541	0.691615	0.308385	4.194103
6390	-6125.752	-6330.216	204.4639	1.136912	0.691615	0.308385	4.194103
6396	-6127.074	-6331.244	204.1693	1.224294	0.715765	0.284235	4.311536
6402	-6125.629	-6329.191	203.5619	0.9965417	0.753522	0.246478	4.780737
6408	-6131.207	-6336.252	205.0453	1.139447	0.756276	0.243724	3.860698
6414	-6134.752	-6338.079	203.3264	1.021927	0.74883	0.25117	4.897935
6420	-6128.947	-6332.637	203.6893	1.011263	0.74883	0.25117	4.701333
6426	-6126.528	-6330.282	203.7544	1.011263	0.74883	0.25117	4.664885
6432	-6126.927	-6330.055	203.1285	1.069948	0.778883	0.221117	4.981311
6438	-6119.478	-6323.441	203.9637	1.024002	0.763211	0.236789	4.540304
6444	-6128.996	-6332.312	203.3165	0.9921641	0.784285	0.215715	4.919965
6450	-6117.758	-6321.969	204.2102	1.105597	0.752686	0.247314	4.355508
6456	-6120.68	-6325.367	204.6867	1.166876	0.729413	0.270587	4.050243
6462	-6128.126	-6333.38	205.254	1.158253	0.760949	0.239051	3.729686
6468	-6119.231	-6323.234	204.0024	1.071469	0.760949	0.239051	4.49188
6474	-6125.815	-6330.102	204.2869	1.06042	0.746799	0.253201	4.337685
6480	-6145.022	-6349.394	204.3716	1.036943	0.746799	0.253201	4.303077
6486	-6145.025	-6349.368	204.3431	1.037937	0.810655	0.189345	4.318598
6492	-6133.283	-6336.971	203.6877	1.040219	0.759621	0.240379	4.685988
6498	-6124.271	-6327.929	203.6582	0.9988986	0.766296	0.233704	4.725624
6504	-6143.307	-6346.92	203.6138	1.040171	0.766296	0.233704	4.727376
6510	-6134.918	-6338.496	203.5786	0.9894688	0.73085	0.26915	4.775374
6516	-6133.876	-6337.686	203.8104	1.022529	0.794237	0.205763	4.627201
6522	-6140.63	-6344.931	204.3009	0.9969866	0.743447	0.256553	4.365593
6528	-6127.608	-6332.467	204.8596	1.101371	0.723157	0.276843	3.988963
6534	-6132.238	-6336.04	203.8025	1.16845	0.723157	0.276843	4.549709
6540	-6120.489	-6326.004	205.5142	1.206099	0.699742	0.300258	3.551173
6546	-6130.473	-6335.981	205.5083	1.151967	0.721774	0.278226	3.586078
6552	-6136.975	-6342.514	205.5389	1.189039	0.759645	0.240355	3.546686
6558	-6128.361	-6333.065	204.7045	1.17606	0.793088	0.206912	4.034852
6564	-6130.634	-6335.355	204.7202	1.182206	0.837706	0.162294	4.022379
6570	-6136.348	-6340.674	204.3268	1.179304	0.772037	0.227963	4.247835
6576	-6120.773	-6325.463	204.6904	1.124687	0.721889	0.278111	4.072202
6582	-6125.154	-6330.108	204.9545	1.170778	0.754801	0.245199	3.894836
6588	-6124.918	-6330.474	205.5564	1.185062	0.745134	0.254866	3.538821
6594	-6133.672	-6338.939	205.2674	1.185062	0.710765	0.289235	3.706494
6600	-6125.577	-6330.339	204.762	1.210938	0.723565	0.276435	3.982098
6606	-6118.868	-6324.085	205.2162	1.1069	0.790418	0.209582	3.781117
6612	-6119.495	-6323.84	204.3452	1.092849	0.747935	0.252065	4.286373
6618	-6136.291	-6341.287	204.9957	1.088778	0.757301	0.242699	3.918241
6624	-6142.366	-6348.891	206.5254	1.302442	0.747127	0.252873	2.895288
6630	-6130.331	-6336.552	206.2209	1.239186	0.77528	0.22472	3.115852
6636	-6138.86	-6344.263	205.4031	1.243516	0.739134	0.260866	3.594019
6642	-6128.558	-6333.371	204.8125	1.171277	0.723065	0.276935	3.975898
6648	-6132.477	-6337.476	204.9986	1.18455	0.729594	0.270406	3.861661
6654	-6130.235	-6336.374	206.1392	1.237578	0.676633	0.323367	3.165442
6660	-6124.763	-6329.871	205.108	1.197912	0.676633	0.323367	3.79103
6666	-6132.068	-6336.413	204.3451	1.107351	0.744036	0.255964	4.278193
6672	-6136.278	-6338.542	202.2633	0.9623916	0.799462	0.200538	5.51893
6678	-6129.533	-6332.532	202.9993	0.9679844	0.766714	0.233286	5.109592
6684	-6130.927	-6334.129	203.2027	1.045532	0.774203	0.225797	4.953616
6690	-6135.227	-6338.46	203.2328	1.008954	0.764075	0.235925	4.957198
6696	-6123.173	-6327.105	203.9323	1.037794	0.732734	0.267266	4.55022
6702	-6131.337	-6335.613	204.2767	0.9935161	0.791023	0.208977	4.381248
6708	-6136.93	-6340.805	203.8747	1.130359	0.791023	0.208977	4.530551
6714	-6131.58	-6336.301	204.7208	1.10889	0.774171	0.225829	4.063878
6720	-6135.11	-6339.828	204.7178	1.111916	0.717526	0.282474	4.063878
6726	-6126.967	-6330.468	203.5009	1.075788	0.812009	0.187991	4.770579
6732	-6127.868	-6331.545	203.6774	1.078791	0.727901	0.272099	4.670166
6738	-6131.696	-6337.188	205.4916	1.125544	0.727901	0.272099	3.611073
6744	-6120.722	-6325.621	204.8991	1.18604	0.735832	0.264168	3.917876
6750	-6134.779	-6340.004	205.2257	1.164627	0.755251	0.244749	3.742355
6756	-6122.141	-6327.496	205.3552	1.216518	0.73111	0.26889	3.637461
6762	-6120.53	-6325.75	205.2209	1.151773	0.779003	0.220997	3.752569
6768	-6124.796	-6330.105	205.3093	1.063363	0.779003	0.220997	3.752569
6774	-6111.798	-6314.712	202.9138	1.004917	0.745682	0.254318	5.13647
6780	-6120.433	-6324.776	204.3436	0.9997915	0.745682	0.254318	4.339896
6786	-6119.817	-6324.791	204.9737	1.104004	0.754725	0.245275	3.922107
6792	-6123.519	-6327.922	204.4027	1.065616	0.731499	0.268501	4.2692
6798	-6125.763	-6330.328	204.5648	1.13838	0.731499	0.268501	4.135907
6804	-6113.153	-6317.001	203.8487	1.020316	0.76218	0.23782	4.606955
6810	-6131.26	-6335.634	204.3745	1.039855	0.739862	0.260138	4.299776
6816	-6126.478	-6330.095	203.6174	1.036804	0.739862	0.260138	4.727248
6822	-6129.239	-6333.141	203.9022	1.059994	0.703119	0.296881	4.554658
6828	-6129.236	-6333.106	203.8704	1.091813	0.703119	0.296881	4.554658
6834	-6132.399	-6335.624	203.2247	1.079878	0.703119	0.296881	4.922253
6840	-6121.478	-6324.573	203.0949	1.019648	0.703119	0.296881	5.027907
6846	-6130.55	-6334.268	203.7183	1.083614	0.703119	0.296881	4.644542
6852	-6142.568	-6345.723	203.1551	0.9280985	0.789972	0.210028	5.045269
6858	-6138.721	-6341.929	203.2081	0.8799061	0.749242	0.250758	5.042633
6864	-6142.075	-6345.103	203.0279	0.9394182	0.76325	0.23675	5.109543
6870	-6131.95	-6335.937	203.9869	1.090925	0.74902	0.25098	4.489635
6876	-6133.647	-6337.219	203.5715	1.107248	0.769792	0.230208	4.713488
6882	-6145.211	-6350.222	205.011	1.111795	0.777549	0.222451	3.896258
6888	-6140.403	-6344.309	203.9064	1.053148	0.746762	0.253238	4.556151
6894	-6138.012	-6339.945	201.9335	1.076869	0.767922	0.232078	5.637169
6900	-6140.704	-6344.221	203.516	1.099142	0.703924	0.296076	4.749047
6906	-6133.24	-6337.574	204.3349	1.132247	0.682591	0.317409	4.269912
6912	-6131.962	-6336.269	204.3065	1.013914	0.828489	0.171511	4.352888
6918	-6129.953	-6334.57	204.617	1.1458	0.814641	0.185359	4.101992
6924	-6127.095	-6331.651	204.5562	1.162655	0.814641	0.185359	4.127025
6930	-6130.951	-6336.424	205.4726	1.184494	0.743224	0.256776	3.587913
6936	-6131.723	-6336.866	205.1426	1.190452	0.733655	0.266345	3.775373
6942	-6120.267	-6324.712	204.4448	1.060832	0.773837	0.226163	4.248104
6948	-6117.757	-6321.706	203.9495	1.120077	0.773411	0.226589	4.494263
6954	-6120.532	-6325.643	205.1109	1.234258	0.720169	0.279831	3.768441
6960	-6125.517	-6330.929	205.412	1.196889	0.697816	0.302184	3.615863
6966	-6124.039	-6328.5	204.461	1.200217	0.697816	0.302184	4.159764
6972	-6127.369	-6332.142	204.7727	1.158089	0.697816	0.302184	4.006184
6978	-6110.979	-6315.327	204.3481	1.162911	0.74391	0.25609	4.245054
6984	-6110.122	-6314.419	204.2971	1.028343	0.74391	0.25609	4.350048
6990	-6131.409	-6335.934	204.5248	1.241045	0.744751	0.255249	4.100243
6996	-6135.085	-6339.287	204.2019	1.059649	0.744751	0.255249	4.386125
7002	-6138.593	-6343.276	204.6825	1.074647	0.786072	0.213928	4.105252
7008	-6138.95	-6343.378	204.4284	1.068492	0.699486	0.300514	4.253046
7014	-6140.116	-6344.488	204.3711	1.216715	0.699486	0.300514	4.201464
7020	-6118.2	-6323.231	205.0302	1.160424	0.771765	0.228235	3.857353
7026	-6120.711	-6325.147	204.4362	1.12807	0.746212	0.253788	4.214821
7032	-6128.535	-6332.586	204.0509	1.060417	0.746212	0.253788	4.470787
7038	-6134.38	-6338.644	204.2642	1.124042	0.731046	0.268954	4.314527
7044	-6125.719	-6329.802	204.0834	1.136825	0.765716	0.234284	4.409448
7050	-6135.774	-6339.633	203.8586	1.053182	0.770817	0.229183	4.582942
7056	-6139.242	-6342.776	203.5338	0.9835602	0.770817	0.229183	4.80369
7062	-6132.889	-6336.079	203.1905	1.021988	0.770382	0.229618	4.973501
7068	-6130.797	-6332.793	201.9961	0.9020591	0.770382	0.229618	5.69869
7074	-6125.868	-6329.168	203.2996	0.9961312	0.728268	0.271732	4.927212
7080	-6133.377	-6337.206	203.8296	1.045865	0.746393	0.253607	4.603322
7086	-6127.195	-6330.36	203.1648	1.046944	0.746393	0.253607	4.973892
7092	-6124.395	-6328.063	203.6684	1.027639	0.747155	0.252845	4.703863
7098	-6137.701	-6342.627	204.926	1.146377	0.747155	0.252845	3.925198
7104	-6148.955	-6354.154	205.1987	1.051949	0.747155	0.252845	3.822861
7110	-6142.981	-6348.595	205.6142	1.170675	0.730062	0.269938	3.513519
7116	-6133.116	-6338.65	205.5337	1.1403	0.753579	0.246421	3.57806
7122	-6121.886	-6326.592	204.7057	1.066564	0.758948	0.241052	4.0966
7128	-6130.393	-6334.988	204.5944	1.17791	0.674857	0.325143	4.0966
7134	-6115.093	-6320.474	205.3812	1.185829	0.78489	0.21511	3.64018
7140	-6126.801	-6332.534	205.733	1.194235	0.6778	0.3222	3.430375
7146	-6126.738	-6333.38	206.6424	1.333515	0.6778	0.3222	2.805481
7152	-6133.973	-6340.362	206.3888	1.347405	0.774658	0.225342	2.950547
7158	-6139.061	-6345.333	206.2729	1.38796	0.774658	0.225342	2.995859
7164	-6124.687	-6329.486	204.7989	1.140498	0.778413	0.221587	4.001279
7170	-6126.911	-6332.134	205.2232	1.086136	0.778413	0.221587	3.789034
7176	-6132.697	-6337.927	205.23	1.295816	0.714636	0.285364	3.664065
7182	-6131.764	-6336.375	204.6108	1.10558	0.731331	0.268669	4.128411
7188	-6135.811	-6339.76	203.9496	0.9956709	0.769202	0.230798	4.564141
7194	-6145.236	-6349.909	204.6724	1.08812	0.786862	0.213138	4.103282
7200	-6140.748	-6344.035	203.2865	1.082818	0.760064	0.239936	4.8862
7206	-6132.441	-6336.971	204.5308	1.075469	0.754325	0.245675	4.191025
7212	-6127.948	-6331.872	203.9235	0.9924985	0.746672	0.253328	4.580555
7218	-6131.591	-6335.08	203.4887	0.9759074	0.778906	0.221094	4.833101
7224	-6133.009	-6336.719	203.7104	1.058135	0.804471	0.195529	4.663269
7230	-6141.146	-6344.672	203.5264	1.017119	0.687028	0.312972	4.789063
7236	-6115.456	-6319.107	203.6509	1.03868	0.763499	0.236501	4.707436
7242	-6120.623	-6325.152	204.5291	1.082584	0.790077	0.209923	4.187932
7248	-6118.662	-6323.411	204.7491	1.134971	0.7187	0.2813	4.032882
7254	-6125.988	-6329.972	203.9841	1.108575	0.72428	0.27572	4.481292
7260	-6130.671	-6334.051	203.38	0.9503297	0.712326	0.287674	4.907944
7266	-6122.437	-6325.808	203.3707	0.9595801	0.712326	0.287674	4.907944
7272	-6121.845	-6325.851	204.0053	1.006651	0.723375	0.276625	4.526694
7278	-6123.992	-6328.119	204.1276	1.118695	0.723375	0.276625	4.394703
7284	-6127.374	-6330.901	203.5275	0.9708845	0.771833	0.228167	4.814276
7290	-6124.529	-6327.676	203.1468	0.9143024	0.771833	0.228167	5.057534
7296	-6125.016	-6328.004	202.9873	1.07381	0.771833	0.228167	5.057534
7302	-6122.098	-6325.428	203.3304	1.042837	0.750882	0.249118	4.884022
7308	-6115.58	-6320.087	204.5067	1.08222	0.751585	0.248415	4.200871
7314	-6124.944	-6329.512	204.5671	1.08222	0.756201	0.243799	4.166538
7320	-6133.991	-6337.539	203.5478	0.9837725	0.777331	0.222669	4.795741
7326	-6141.544	-6345.984	204.4401	1.000043	0.739711	0.260289	4.285172
7332	-6138.521	-6341.527	203.0059	1.014262	0.724326	0.275674	5.080241
7338	-6138.632	-6342.007	203.3742	0.9761556	0.78624	0.21376	4.896754
7344	-6130.188	-6333.135	202.9463	1.027261	0.698514	0.301486	5.106098
7350	-6130.211	-6332.896	202.6852	0.9424326	0.698514	0.301486	5.297468
7356	-6140.437	-6343.788	203.3505	1.037718	0.78495	0.21505	4.875714
7362	-6140.767	-6344.909	204.1419	1.131154	0.755052	0.244948	4.379616
7368	-6155.744	-6358.897	203.1527	0.9893907	0.770507	0.229493	5.012609
7374	-6135.494	-6340.395	204.9011	1.063505	0.770507	0.229493	3.986843
7380	-6128.779	-6333.656	204.8765	1.06616	0.743458	0.256542	3.999384
7386	-6123.496	-6328.152	204.6559	1.142817	0.775352	0.224648	4.081521
7392	-6123.028	-6326.806	203.7778	1.027804	0.75201	0.24799	4.642514
7398	-6119.621	-6323.381	203.7603	1.04524	0.766485	0.233515	4.642514
7404	-6113.395	-6316.107	202.7121	0.9234885	0.701745	0.298255	5.293059
7410	-6131.166	-6334.139	202.9731	0.9474587	0.770894	0.229106	5.13545
7416	-6137.966	-6340.244	202.2781	0.9700664	0.791522	0.208478	5.506546
7422	-6146.906	-6349.926	203.0201	1.063177	0.802103	0.197897	5.045229
7428	-6145.87	-6348.845	202.9756	1.165504	0.676901	0.323099	5.013128
7434	-6148.326	-6353.275	204.9492	1.114339	0.768397	0.231603	3.930269
7440	-6125.047	-6329.616	204.5689	1.102361	0.73378	0.26622	4.154077
7446	-6128.624	-6333.178	204.5546	1.122153	0.735287	0.264713	4.150949
7452	-6114.885	-6320.082	205.1972	1.198728	0.699307	0.300693	3.739131
7458	-6123.831	-6329.097	205.2658	1.130084	0.795176	0.204824	3.739131
7464	-6130.014	-6334.297	204.2829	1.126547	0.746796	0.253204	4.302561
7470	-6130.113	-6335.15	205.0373	1.101411	0.746796	0.253204	3.887123
7476	-6133.233	-6335.759	202.526	1.057144	0.759047	0.240953	5.322022
7482	-6134.762	-6337.732	202.9705	1.050723	0.746934	0.253066	5.079672
7488	-6128.764	-6332.753	203.9896	1.050723	0.780781	0.219219	4.510738
7494	-6121.029	-6325.13	204.1016	1.135118	0.737038	0.262962	4.400133
7500	-6134.49	-6338.376	203.8859	0.9547575	0.719595	0.280405	4.622816
7506	-6133.512	-6337.05	203.5378	1.088397	0.776586	0.223414	4.742912
7512	-6131.51	-6338.145	206.6355	1.327364	0.71088	0.28912	2.813456
7518	-6132.571	-6338.955	206.3845	1.39861	0.796122	0.203878	2.922297
7524	-6127.795	-6331.808	204.0122	1.127992	0.686117	0.313883	4.454547
7530	-6134.102	-6339.387	205.2847	1.205572	0.747793	0.252207	3.684605
7536	-6120.957	-6324.484	203.5268	0.9755929	0.751736	0.248264	4.812058
7542	-6123.837	-6327.668	203.8302	1.022527	0.751736	0.248264	4.61608
7548	-6122.183	-6325.878	203.695	1.099173	0.751736	0.248264	4.648901
7554	-6137.057	-6340.492	203.4351	1.028153	0.751736	0.248264	4.83389
7560	-6124.827	-6328.98	204.1533	1.072787	0.74108	0.25892	4.406095
7566	-6126.768	-6331.316	204.5482	1.175602	0.719503	0.280497	4.124196
7572	-6131.798	-6336.374	204.5761	1.067454	0.719503	0.280497	4.169843
7578	-6124.633	-6329.141	204.5079	1.136358	0.719503	0.280497	4.16942
7584	-6118.962	-6322.325	203.3628	1.02266	0.719503	0.280497	4.877252
7590	-6125.035	-6329.358	204.3227	0.9803594	0.714712	0.285288	4.362672
7596	-6126.602	-6331.105	204.503	1.038991	0.749207	0.250793	4.227473
7602	-6112.387	-6316.722	204.3357	1.062297	0.779675	0.220325	4.309009
7608	-6112.247	-6316.634	204.3862	1.094807	0.699632	0.300368	4.262014
7614	-6115.015	-6320.042	205.0273	1.094807	0.76241	0.23759	3.89668
7620	-6128.898	-6333.458	204.5598	1.050303	0.732791	0.267209	4.188837
7626	-6117.398	-6322.397	204.9984	1.114661	0.757783	0.242217	3.901862
7632	-6125.16	-6330.12	204.96	1.15302	0.757783	0.242217	3.901862
7638	-6134.042	-6339.055	205.0127	1.100336	0.74944	0.25056	3.901862
7644	-6137.273	-6342.761	205.4886	1.195404	0.729425	0.270575	3.572257
7650	-6141.442	-6347.591	206.1483	1.238556	0.669491	0.330509	3.15942
7656	-6133.531	-6339.748	206.2167	1.254634	0.756499	0.243501	3.109154
7662	-6136.612	-6342.243	205.6319	1.217835	0.756499	0.243501	3.47572
7668	-6137.042	-6341.989	204.9467	1.22937	0.756499	0.243501	3.865717
7674	-6124.46	-6329.376	204.9163	1.084775	0.771821	0.228179	3.966021
7680	-6122.965	-6326.859	203.8938	1.067724	0.757741	0.242259	4.555038
7686	-6130.698	-6334.106	203.4079	1.002177	0.72158	0.27842	4.863517
7692	-6127.662	-6331.671	204.0087	1.035498	0.72812	0.27188	4.50858
7698	-6128.382	-6332.453	204.0714	1.097201	0.758596	0.241404	4.438523
7704	-6135.882	-6338.751	202.8687	1.063218	0.728392	0.271608	5.129178
7710	-6123.278	-6326.795	203.5172	1.004444	0.770413	0.229587	4.801313
7716	-6122.613	-6326.168	203.555	1.05946	0.770413	0.229587	4.74946
7722	-6126.122	-6330.758	204.6358	1.170733	0.72198	0.27802	4.077074
7728	-6116.741	-6322.017	205.2757	1.133369	0.694391	0.305609	3.731517
7734	-6124.289	-6329.421	205.1311	1.130682	0.728188	0.271812	3.816443
7740	-6120.105	-6324.272	204.1668	1.157654	0.763148	0.236852	4.350612
7746	-6128.157	-6333.422	205.2644	1.121777	0.75785	0.24215	3.74475
7752	-6124.326	-6329.516	205.1905	1.195702	0.75785	0.24215	3.74475
7758	-6123.275	-6328.391	205.1155	1.196791	0.756162	0.243838	3.787334
7764	-6122.293	-6326.754	204.4605	1.071277	0.744306	0.255694	4.233263
7770	-6125.672	-6331.022	205.3497	1.258284	0.744306	0.255694	3.616402
7776	-6130.328	-6334.235	203.907	1.076967	0.744306	0.255694	4.542423
7782	-6137.427	-6341.59	204.1634	1.080623	0.750898	0.249102	4.396005
7788	-6142.022	-6346.645	204.6232	1.246431	0.694205	0.305795	4.041123
7794	-6132.984	-6337.657	204.6734	1.124934	0.763063	0.236937	4.081739
7800	-6132.792	-6336.501	203.7086	1.085705	0.781905	0.218095	4.648806
7806	-6135.646	-6338.583	202.9368	1.000215	0.781905	0.218095	5.126344
7812	-6139.048	-6343.132	204.0838	1.107161	0.711201	0.288799	4.425946
7818	-6129.586	-6334.235	204.6485	1.064594	0.789229	0.210771	4.130277
7824	-6118.246	-6322.681	204.4354	1.052754	0.744975	0.255025	4.257991
7830	-6114.97	-6319.053	204.0828	1.140019	0.744975	0.255025	4.40798
7836	-6125.995	-6330.756	204.7605	1.1787	0.752754	0.247246	4.001414
7842	-6138.88	-6342.89	204.0103	1.072304	0.782702	0.217298	4.486945
7848	-6140.254	-6342.636	202.3814	0.9373548	0.716021	0.283979	5.467712
7854	-6151.989	-6355.751	203.7619	0.9770742	0.744547	0.255453	4.679835
7860	-6124.857	-6328.241	203.384	1.104748	0.679363	0.320637	4.81966
7866	-6122.091	-6325.319	203.2285	1.065216	0.745228	0.254772	4.928315
7872	-6123.621	-6327.242	203.6209	1.020219	0.745228	0.254772	4.734566
7878	-6118.512	-6321.967	203.4549	1.082011	0.745228	0.254772	4.79277
7884	-6132.654	-6336.71	204.0554	1.082011	0.800184	0.199816	4.456104
7890	-6126.472	-6329.52	203.0482	0.9556797	0.791303	0.208697	5.089302
7896	-6127.057	-6329.554	202.4969	0.9154045	0.781664	0.218336	5.416201
7902	-6137.526	-6341.892	204.3657	1.104718	0.831784	0.168216	4.268054
7908	-6136.523	-6341.25	204.727	1.164788	0.822468	0.177532	4.028473
7914	-6128.819	-6333.396	204.5765	1.101829	0.717248	0.282752	4.150066
7920	-6135.478	-6339.91	204.432	1.055962	0.808831	0.191169	4.258086
7926	-6131.191	-6334.368	203.1764	1.008128	0.718518	0.281482	4.989035
7932	-6119.542	-6323.22	203.6781	1.017703	0.73489	0.26511	4.703946
7938	-6125.003	-6329.871	204.8679	1.104979	0.717964	0.282036	3.982126
7944	-6120.421	-6324.783	204.3617	1.111094	0.819148	0.180852	4.26668
7950	-6127.556	-6331.554	203.9982	1.075282	0.754732	0.245268	4.492102
7956	-6131.502	-6335.497	203.995	1.039778	0.7257	0.2743	4.513832
7962	-6127.153	-6332.05	204.8972	1.164324	0.7257	0.2743	3.931429
7968	-6130.315	-6334.818	204.5037	1.14481	0.695445	0.304555	4.167002
7974	-6123.216	-6328.416	205.2007	1.145359	0.759956	0.240044	3.76792
7980	-6127.165	-6331.454	204.2888	1.021916	0.759956	0.240044	4.358375
7986	-6131.525	-6334.832	203.3073	0.9808908	0.759956	0.240044	4.931397
7992	-6129.393	-6332.775	203.3819	0.9844631	0.814931	0.185069	4.887858
7998	-6122.59	-6326.092	203.5025	0.9864416	0.763667	0.236333	4.819552
8004	-6127.724	-6331.668	203.9432	1.037331	0.684161	0.315839	4.544327
8010	-6122.215	-6327.161	204.9462	1.130522	0.803458	0.196542	3.922711
8016	-6121.747	-6326.35	204.6025	1.103541	0.789295	0.210705	4.134281
8022	-6121.615	-6325.954	204.339	1.103425	0.765441	0.234559	4.283871
8028	-6120.882	-6325.234	204.352	1.093695	0.773832	0.226168	4.282024
8034	-6124.516	-6328.703	204.1872	1.049333	0.740161	0.259839	4.400229
8040	-6116.58	-6319.977	203.3972	1.049333	0.787696	0.212304	4.843213
8046	-6126.263	-6329.636	203.3727	1.101366	0.773521	0.226479	4.827819
8052	-6132.804	-6335.801	202.9972	0.9844154	0.734576	0.265424	5.101649
8058	-6130.563	-6335.749	205.1858	1.129528	0.694745	0.305255	3.785601
8064	-6141.057	-6346.665	205.6086	1.166158	0.694745	0.305255	3.519433
8070	-6133.73	-6338.989	205.259	1.132128	0.713088	0.286912	3.741876
8076	-6122.956	-6327.769	204.8132	1.115786	0.722109	0.277891	4.007221
8082	-6123.867	-6328.678	204.8108	1.118175	0.772185	0.227815	4.007221
8088	-6121.002	-6325.971	204.9695	1.084941	0.701697	0.298303	3.935444
8094	-6125.855	-6330.848	204.9925	1.144749	0.735356	0.264644	3.887972
8100	-6130.939	-6335.124	204.1855	1.16729	0.735356	0.264644	4.334558
8106	-6130.822	-6335.447	204.6246	1.150039	0.755721	0.244279	4.095287
8112	-6125.82	-6330.45	204.6304	1.086282	0.706775	0.293225	4.128225
8118	-6128.378	-6333.02	204.6419	1.074826	0.693589	0.306411	4.128225
8124	-6123.507	-6327.139	203.6315	1.017349	0.789541	0.210459	4.730216
8130	-6126.204	-6330.429	204.225	1.049303	0.710395	0.289605	4.378925
8136	-6123.99	-6329.172	205.1813	1.205157	0.817812	0.182188	3.744608
8142	-6126.814	-6331.802	204.9885	1.165633	0.751449	0.248551	3.878286
8148	-6135.022	-6339.365	204.3437	1.058562	0.751449	0.248551	4.306627
8154	-6127.342	-6331.864	204.5218	1.101153	0.739132	0.260868	4.181536
8160	-6137.517	-6340.118	202.6008	0.9024445	0.689074	0.310926	5.366118
8166	-6141.133	-6345.441	204.3077	1.047932	0.761543	0.238457	4.332956
8172	-6139.257	-6343.028	203.7705	1.017609	0.791576	0.208424	4.652319
8178	-6130.246	-6333.832	203.5858	1.077303	0.757078	0.242922	4.722274
8184	-6127.487	-6331.172	203.6848	0.9782317	0.724252	0.275748	4.722274
8190	-6122.473	-6327.037	204.5644	1.11391	0.724252	0.275748	4.150086
8196	-6123.916	-6328.323	204.4068	1.080535	0.704012	0.295988	4.258464
